Component: ARM Compiler 5.06 update 6 (build 750) Tool: armlink [4d35ed]

==============================================================================

Section Cross References

    system_stm32f10x.o(i.SetSysClock) refers to system_stm32f10x.o(i.SetSysClockTo72) for SetSysClockTo72
    system_stm32f10x.o(i.SystemCoreClockUpdate) refers to system_stm32f10x.o(.data) for SystemCoreClock
    system_stm32f10x.o(i.SystemInit) refers to system_stm32f10x.o(i.SetSysClock) for SetSysClock
    startup_stm32f10x_md.o(RESET) refers to startup_stm32f10x_md.o(STACK) for __initial_sp
    startup_stm32f10x_md.o(RESET) refers to startup_stm32f10x_md.o(.text) for Reset_Handler
    startup_stm32f10x_md.o(RESET) refers to delay.o(i.SysTick_Handler) for SysTick_Handler
    startup_stm32f10x_md.o(RESET) refers to hallsensor.o(i.EXTI9_5_IRQHandler) for EXTI9_5_IRQHandler
    startup_stm32f10x_md.o(RESET) refers to usart.o(i.USART1_IRQHandler) for USART1_IRQHandler
    startup_stm32f10x_md.o(RESET) refers to hallsensor.o(i.EXTI15_10_IRQHandler) for EXTI15_10_IRQHandler
    startup_stm32f10x_md.o(.text) refers to system_stm32f10x.o(i.SystemInit) for SystemInit
    startup_stm32f10x_md.o(.text) refers to entry.o(.ARM.Collect$$$$00000000) for __main
    stm32f10x_adc.o(i.ADC_DeInit) refers to stm32f10x_rcc.o(i.RCC_APB2PeriphResetCmd) for RCC_APB2PeriphResetCmd
    stm32f10x_bkp.o(i.BKP_DeInit) refers to stm32f10x_rcc.o(i.RCC_BackupResetCmd) for RCC_BackupResetCmd
    stm32f10x_can.o(i.CAN_DeInit) refers to stm32f10x_rcc.o(i.RCC_APB1PeriphResetCmd) for RCC_APB1PeriphResetCmd
    stm32f10x_can.o(i.CAN_GetITStatus) refers to stm32f10x_can.o(i.CheckITStatus) for CheckITStatus
    stm32f10x_cec.o(i.CEC_DeInit) refers to stm32f10x_rcc.o(i.RCC_APB1PeriphResetCmd) for RCC_APB1PeriphResetCmd
    stm32f10x_dac.o(i.DAC_DeInit) refers to stm32f10x_rcc.o(i.RCC_APB1PeriphResetCmd) for RCC_APB1PeriphResetCmd
    stm32f10x_flash.o(i.FLASH_EnableWriteProtection) refers to stm32f10x_flash.o(i.FLASH_WaitForLastOperation) for FLASH_WaitForLastOperation
    stm32f10x_flash.o(i.FLASH_EraseAllBank1Pages) refers to stm32f10x_flash.o(i.FLASH_WaitForLastBank1Operation) for FLASH_WaitForLastBank1Operation
    stm32f10x_flash.o(i.FLASH_EraseAllPages) refers to stm32f10x_flash.o(i.FLASH_WaitForLastOperation) for FLASH_WaitForLastOperation
    stm32f10x_flash.o(i.FLASH_EraseOptionBytes) refers to stm32f10x_flash.o(i.FLASH_GetReadOutProtectionStatus) for FLASH_GetReadOutProtectionStatus
    stm32f10x_flash.o(i.FLASH_EraseOptionBytes) refers to stm32f10x_flash.o(i.FLASH_WaitForLastOperation) for FLASH_WaitForLastOperation
    stm32f10x_flash.o(i.FLASH_ErasePage) refers to stm32f10x_flash.o(i.FLASH_WaitForLastOperation) for FLASH_WaitForLastOperation
    stm32f10x_flash.o(i.FLASH_ProgramHalfWord) refers to stm32f10x_flash.o(i.FLASH_WaitForLastOperation) for FLASH_WaitForLastOperation
    stm32f10x_flash.o(i.FLASH_ProgramOptionByteData) refers to stm32f10x_flash.o(i.FLASH_WaitForLastOperation) for FLASH_WaitForLastOperation
    stm32f10x_flash.o(i.FLASH_ProgramWord) refers to stm32f10x_flash.o(i.FLASH_WaitForLastOperation) for FLASH_WaitForLastOperation
    stm32f10x_flash.o(i.FLASH_ReadOutProtection) refers to stm32f10x_flash.o(i.FLASH_WaitForLastOperation) for FLASH_WaitForLastOperation
    stm32f10x_flash.o(i.FLASH_UserOptionByteConfig) refers to stm32f10x_flash.o(i.FLASH_WaitForLastOperation) for FLASH_WaitForLastOperation
    stm32f10x_flash.o(i.FLASH_WaitForLastBank1Operation) refers to stm32f10x_flash.o(i.FLASH_GetBank1Status) for FLASH_GetBank1Status
    stm32f10x_flash.o(i.FLASH_WaitForLastOperation) refers to stm32f10x_flash.o(i.FLASH_GetBank1Status) for FLASH_GetBank1Status
    stm32f10x_gpio.o(i.GPIO_AFIODeInit) refers to stm32f10x_rcc.o(i.RCC_APB2PeriphResetCmd) for RCC_APB2PeriphResetCmd
    stm32f10x_gpio.o(i.GPIO_DeInit) refers to stm32f10x_rcc.o(i.RCC_APB2PeriphResetCmd) for RCC_APB2PeriphResetCmd
    stm32f10x_i2c.o(i.I2C_DeInit) refers to stm32f10x_rcc.o(i.RCC_APB1PeriphResetCmd) for RCC_APB1PeriphResetCmd
    stm32f10x_i2c.o(i.I2C_Init) refers to stm32f10x_rcc.o(i.RCC_GetClocksFreq) for RCC_GetClocksFreq
    stm32f10x_pwr.o(i.PWR_DeInit) refers to stm32f10x_rcc.o(i.RCC_APB1PeriphResetCmd) for RCC_APB1PeriphResetCmd
    stm32f10x_rcc.o(i.RCC_GetClocksFreq) refers to stm32f10x_rcc.o(.data) for APBAHBPrescTable
    stm32f10x_rcc.o(i.RCC_WaitForHSEStartUp) refers to stm32f10x_rcc.o(i.RCC_GetFlagStatus) for RCC_GetFlagStatus
    stm32f10x_rtc.o(i.RTC_SetAlarm) refers to stm32f10x_rtc.o(i.RTC_EnterConfigMode) for RTC_EnterConfigMode
    stm32f10x_rtc.o(i.RTC_SetAlarm) refers to stm32f10x_rtc.o(i.RTC_ExitConfigMode) for RTC_ExitConfigMode
    stm32f10x_rtc.o(i.RTC_SetCounter) refers to stm32f10x_rtc.o(i.RTC_EnterConfigMode) for RTC_EnterConfigMode
    stm32f10x_rtc.o(i.RTC_SetCounter) refers to stm32f10x_rtc.o(i.RTC_ExitConfigMode) for RTC_ExitConfigMode
[...]
    Removing stm32f10x_tim.o(i.TIM_ITConfig), (18 bytes).
    Removing stm32f10x_tim.o(i.TIM_ITRxExternalClockConfig), (24 bytes).
    Removing stm32f10x_tim.o(i.TIM_InternalClockConfig), (12 bytes).
    Removing stm32f10x_tim.o(i.TIM_OC1FastConfig), (18 bytes).
    Removing stm32f10x_tim.o(i.TIM_OC1NPolarityConfig), (18 bytes).
    Removing stm32f10x_tim.o(i.TIM_OC1PolarityConfig), (18 bytes).
    Removing stm32f10x_tim.o(i.TIM_OC2FastConfig), (26 bytes).
    Removing stm32f10x_tim.o(i.TIM_OC2NPolarityConfig), (26 bytes).
    Removing stm32f10x_tim.o(i.TIM_OC2PolarityConfig), (26 bytes).
    Removing stm32f10x_tim.o(i.TIM_OC3FastConfig), (18 bytes).
    Removing stm32f10x_tim.o(i.TIM_OC3NPolarityConfig), (26 bytes).
    Removing stm32f10x_tim.o(i.TIM_OC3PolarityConfig), (26 bytes).
    Removing stm32f10x_tim.o(i.TIM_OC4FastConfig), (26 bytes).
    Removing stm32f10x_tim.o(i.TIM_OC4Init), (124 bytes).
    Removing stm32f10x_tim.o(i.TIM_OC4PolarityConfig), (26 bytes).
    Removing stm32f10x_tim.o(i.TIM_OC4PreloadConfig), (26 bytes).
    Removing stm32f10x_tim.o(i.TIM_OCStructInit), (20 bytes).
    Removing stm32f10x_tim.o(i.TIM_PWMIConfig), (124 bytes).
    Removing stm32f10x_tim.o(i.TIM_PrescalerConfig), (6 bytes).
    Removing stm32f10x_tim.o(i.TIM_SelectCCDMA), (24 bytes).
    Removing stm32f10x_tim.o(i.TIM_SelectCOM), (24 bytes).
    Removing stm32f10x_tim.o(i.TIM_SelectHallSensor), (24 bytes).
    Removing stm32f10x_tim.o(i.TIM_SelectInputTrigger), (18 bytes).
    Removing stm32f10x_tim.o(i.TIM_SelectMasterSlaveMode), (18 bytes).
    Removing stm32f10x_tim.o(i.TIM_SelectOCxM), (82 bytes).
    Removing stm32f10x_tim.o(i.TIM_SelectOnePulseMode), (18 bytes).
    Removing stm32f10x_tim.o(i.TIM_SelectOutputTrigger), (18 bytes).
    Removing stm32f10x_tim.o(i.TIM_SelectSlaveMode), (18 bytes).
    Removing stm32f10x_tim.o(i.TIM_SetAutoreload), (4 bytes).
    Removing stm32f10x_tim.o(i.TIM_SetClockDivision), (18 bytes).
    Removing stm32f10x_tim.o(i.TIM_SetCompare4), (6 bytes).
    Removing stm32f10x_tim.o(i.TIM_SetCounter), (4 bytes).
    Removing stm32f10x_tim.o(i.TIM_SetIC1Prescaler), (18 bytes).
    Removing stm32f10x_tim.o(i.TIM_SetIC2Prescaler), (26 bytes).
    Removing stm32f10x_tim.o(i.TIM_SetIC3Prescaler), (18 bytes).
    Removing stm32f10x_tim.o(i.TIM_SetIC4Prescaler), (26 bytes).
    Removing stm32f10x_tim.o(i.TIM_TIxExternalClockConfig), (62 bytes).
    Removing stm32f10x_tim.o(i.TIM_TimeBaseStructInit), (18 bytes).
    Removing stm32f10x_tim.o(i.TIM_UpdateDisableConfig), (24 bytes).
    Removing stm32f10x_tim.o(i.TIM_UpdateRequestConfig), (24 bytes).
    Removing stm32f10x_usart.o(i.USART_ClearFlag), (18 bytes).
    Removing stm32f10x_usart.o(i.USART_ClearITPendingBit), (30 bytes).
    Removing stm32f10x_usart.o(i.USART_ClockInit), (34 bytes).
    Removing stm32f10x_usart.o(i.USART_ClockStructInit), (12 bytes).
    Removing stm32f10x_usart.o(i.USART_DMACmd), (18 bytes).
    Removing stm32f10x_usart.o(i.USART_DeInit), (156 bytes).
    Removing stm32f10x_usart.o(i.USART_GetFlagStatus), (26 bytes).
    Removing stm32f10x_usart.o(i.USART_HalfDuplexCmd), (24 bytes).
    Removing stm32f10x_usart.o(i.USART_IrDACmd), (24 bytes).
    Removing stm32f10x_usart.o(i.USART_IrDAConfig), (18 bytes).
    Removing stm32f10x_usart.o(i.USART_LINBreakDetectLengthConfig), (18 bytes).
    Removing stm32f10x_usart.o(i.USART_LINCmd), (24 bytes).
    Removing stm32f10x_usart.o(i.USART_OneBitMethodCmd), (24 bytes).
    Removing stm32f10x_usart.o(i.USART_OverSampling8Cmd), (22 bytes).
    Removing stm32f10x_usart.o(i.USART_ReceiverWakeUpCmd), (24 bytes).
    Removing stm32f10x_usart.o(i.USART_SendBreak), (10 bytes).
    Removing stm32f10x_usart.o(i.USART_SendData), (8 bytes).
    Removing stm32f10x_usart.o(i.USART_SetAddress), (18 bytes).
    Removing stm32f10x_usart.o(i.USART_SetGuardTime), (16 bytes).
    Removing stm32f10x_usart.o(i.USART_SetPrescaler), (16 bytes).
    Removing stm32f10x_usart.o(i.USART_SmartCardCmd), (24 bytes).
    Removing stm32f10x_usart.o(i.USART_SmartCardNACKCmd), (24 bytes).
    Removing stm32f10x_usart.o(i.USART_StructInit), (24 bytes).
    Removing stm32f10x_usart.o(i.USART_WakeUpConfig), (18 bytes).
    Removing stm32f10x_wwdg.o(i.WWDG_ClearFlag), (12 bytes).
    Removing stm32f10x_wwdg.o(i.WWDG_DeInit), (22 bytes).
    Removing stm32f10x_wwdg.o(i.WWDG_Enable), (16 bytes).
    Removing stm32f10x_wwdg.o(i.WWDG_EnableIT), (12 bytes).
    Removing stm32f10x_wwdg.o(i.WWDG_GetFlagStatus), (12 bytes).
    Removing stm32f10x_wwdg.o(i.WWDG_SetCounter), (16 bytes).
    Removing stm32f10x_wwdg.o(i.WWDG_SetPrescaler), (24 bytes).
    Removing stm32f10x_wwdg.o(i.WWDG_SetWindowValue), (40 bytes).
    Removing delay.o(i.delay_us), (38 bytes).
    Removing usart.o(i._sys_exit), (6 bytes).
    Removing adc.o(i.configureADCInline), (316 bytes).
    Removing focmotor.o(i.shaftAngle_new), (28 bytes).
    Removing inlinecurrentsense.o(i.Current_calibrateOffsets), (288 bytes).
    Removing inlinecurrentsense.o(i.InlineCurrentSense), (204 bytes).
    Removing inlinecurrentsense.o(i.InlineCurrentSense_Init), (26 bytes).
    Removing inlinecurrentsense.o(i.getPhaseAngle), (18 bytes).
    Removing hallsensor.o(i.getAngle_new), (18 bytes).

444 unused section(s) (total 20134 bytes) removed from the image.

==============================================================================

Image Symbol Table

    Local Symbols

    Symbol Name                              Value     Ov Type        Size  Object(Section)

    ../clib/microlib/ctype/ctype.c           0x00000000   Number         0  ctype_c.o ABSOLUTE
    ../clib/microlib/ctype/ctype.c           0x00000000   Number         0  isspace_c.o ABSOLUTE
    ../clib/microlib/division.c              0x00000000   Number         0  uidiv.o ABSOLUTE
    ../clib/microlib/division.c              0x00000000   Number         0  uldiv.o ABSOLUTE
    ../clib/microlib/errno.c                 0x00000000   Number         0  errno.o ABSOLUTE
    ../clib/microlib/init/entry.s            0x00000000   Number         0  entry7b.o ABSOLUTE
    ../clib/microlib/init/entry.s            0x00000000   Number         0  entry9a.o ABSOLUTE
    ../clib/microlib/init/entry.s            0x00000000   Number         0  entry11b.o ABSOLUTE
    ../clib/microlib/init/entry.s            0x00000000   Number         0  entry8a.o ABSOLUTE
    ../clib/microlib/init/entry.s            0x00000000   Number         0  entry11a.o ABSOLUTE
    ../clib/microlib/init/entry.s            0x00000000   Number         0  entry10b.o ABSOLUTE
    ../clib/microlib/init/entry.s            0x00000000   Number         0  entry2.o ABSOLUTE
    ../clib/microlib/init/entry.s            0x00000000   Number         0  entry10a.o ABSOLUTE
    ../clib/microlib/init/entry.s            0x00000000   Number         0  entry9b.o ABSOLUTE
    ../clib/microlib/init/entry.s            0x00000000   Number         0  entry8b.o ABSOLUTE
    ../clib/microlib/init/entry.s            0x00000000   Number         0  entry5.o ABSOLUTE
    ../clib/microlib/init/entry.s            0x00000000   Number         0  entry7a.o ABSOLUTE
    ../clib/microlib/init/entry.s            0x00000000   Number         0  entry.o ABSOLUTE
    ../clib/microlib/longlong.c              0x00000000   Number         0  llshl.o ABSOLUTE
    ../clib/microlib/longlong.c              0x00000000   Number         0  llsshr.o ABSOLUTE
    ../clib/microlib/longlong.c              0x00000000   Number         0  llushr.o ABSOLUTE
    ../clib/microlib/printf/printf.c         0x00000000   Number         0  printf8.o ABSOLUTE
    ../clib/microlib/printf/printf.c         0x00000000   Number         0  printfa.o ABSOLUTE
    ../clib/microlib/printf/printf.c         0x00000000   Number         0  printf3.o ABSOLUTE
    ../clib/microlib/printf/printf.c         0x00000000   Number         0  printfb.o ABSOLUTE
    ../clib/microlib/printf/printf.c         0x00000000   Number         0  printf0.o ABSOLUTE
    ../clib/microlib/printf/printf.c         0x00000000   Number         0  printf1.o ABSOLUTE
    ../clib/microlib/printf/printf.c         0x00000000   Number         0  printf2.o ABSOLUTE
    ../clib/microlib/printf/printf.c         0x00000000   Number         0  printf7.o ABSOLUTE
    ../clib/microlib/printf/printf.c         0x00000000   Number         0  printf4.o ABSOLUTE
    ../clib/microlib/printf/printf.c         0x00000000   Number         0  printf5.o ABSOLUTE
    ../clib/microlib/printf/printf.c         0x00000000   Number         0  printf6.o ABSOLUTE
    ../clib/microlib/printf/stubs.s          0x00000000   Number         0  stubs.o ABSOLUTE
    ../clib/microlib/string/strcpy.c         0x00000000   Number         0  strcpy.o ABSOLUTE
    ../clib/microlib/stubs.s                 0x00000000   Number         0  useno.o ABSOLUTE
    ../clib/microlib/stubs.s                 0x00000000   Number         0  iusefp.o ABSOLUTE
    ../clib/scanf.c                          0x00000000   Number         0  _sgetc.o ABSOLUTE
    ../clib/scanf.c                          0x00000000   Number         0  scanf_fp.o ABSOLUTE
    ../clib/scanf.c                          0x00000000   Number         0  strtod.o ABSOLUTE
    ../fplib/microlib/d2f.c                  0x00000000   Number         0  d2f.o ABSOLUTE
    ../fplib/microlib/f2d.c                  0x00000000   Number         0  f2d.o ABSOLUTE
    ../fplib/microlib/fpadd.c                0x00000000   Number         0  dadd.o ABSOLUTE
    ../fplib/microlib/fpadd.c                0x00000000   Number         0  fadd.o ABSOLUTE
    ../fplib/microlib/fpdiv.c                0x00000000   Number         0  ddiv.o ABSOLUTE
    ../fplib/microlib/fpdiv.c                0x00000000   Number         0  fdiv.o ABSOLUTE
    ../fplib/microlib/fpepilogue.c           0x00000000   Number         0  fepilogue.o ABSOLUTE
    ../fplib/microlib/fpepilogue.c           0x00000000   Number         0  depilogue.o ABSOLUTE
    ../fplib/microlib/fpfix.c                0x00000000   Number         0  ffixui.o ABSOLUTE
    ../fplib/microlib/fpfix.c                0x00000000   Number         0  dfixi.o ABSOLUTE
    ../fplib/microlib/fpfix.c                0x00000000   Number         0  dfixul.o ABSOLUTE
    ../fplib/microlib/fpfix.c                0x00000000   Number         0  dfixui.o ABSOLUTE
    ../fplib/microlib/fpflt.c                0x00000000   Number         0  ffltui.o ABSOLUTE
    ../fplib/microlib/fpflt.c                0x00000000   Number         0  dflti.o ABSOLUTE
    ../fplib/microlib/fpflt.c                0x00000000   Number         0  dfltul.o ABSOLUTE
    ../fplib/microlib/fpflt.c                0x00000000   Number         0  dfltui.o ABSOLUTE
    ../fplib/microlib/fpflt.c                0x00000000   Number         0  fflti.o ABSOLUTE
    ../fplib/microlib/fpmul.c                0x00000000   Number         0  fmul.o ABSOLUTE
    ../fplib/microlib/fpmul.c                0x00000000   Number         0  dmul.o ABSOLUTE
    ../fplib/microlib/fprem.c                0x00000000   Number         0  drem.o ABSOLUTE
    ../fplib/microlib/fpscalb.c              0x00000000   Number         0  dscalb.o ABSOLUTE
    ../mathlib/atan.c                        0x00000000   Number         0  atan.o ABSOLUTE
    ../mathlib/atan.c                        0x00000000   Number         0  atan_x.o ABSOLUTE
    ../mathlib/atan2.c                       0x00000000   Number         0  atan2_x.o ABSOLUTE
    ../mathlib/atan2.c                       0x00000000   Number         0  atan2.o ABSOLUTE
    ../mathlib/atof.c                        0x00000000   Number         0  atof.o ABSOLUTE
    ../mathlib/dunder.c                      0x00000000   Number         0  dunder.o ABSOLUTE
    ../mathlib/fmod.c                        0x00000000   Number         0  fmod_x.o ABSOLUTE
    ../mathlib/fmod.c                        0x00000000   Number         0  fmod.o ABSOLUTE
    ../mathlib/fpclassify.c                  0x00000000   Number         0  fpclassify.o ABSOLUTE
    ../mathlib/poly.c                        0x00000000   Number         0  poly.o ABSOLUTE
    ../mathlib/qnan.c                        0x00000000   Number         0  qnan.o ABSOLUTE
    Hardware\adc.c                           0x00000000   Number         0  adc.o ABSOLUTE
    Hardware\delay.c                         0x00000000   Number         0  delay.o ABSOLUTE
    Hardware\timer.c                         0x00000000   Number         0  timer.o ABSOLUTE
    Hardware\usart.c                         0x00000000   Number         0  usart.o ABSOLUTE
    SimpleFOC\BLDCMotor.c                    0x00000000   Number         0  bldcmotor.o ABSOLUTE
    SimpleFOC\CurrentSense.c                 0x00000000   Number         0  currentsense.o ABSOLUTE
    SimpleFOC\FOCMotor.c                     0x00000000   Number         0  focmotor.o ABSOLUTE
    SimpleFOC\HallSensor.c                   0x00000000   Number         0  hallsensor.o ABSOLUTE
    SimpleFOC\InlineCurrentSense.c           0x00000000   Number         0  inlinecurrentsense.o ABSOLUTE
    SimpleFOC\PID.c                          0x00000000   Number         0  pid.o ABSOLUTE
    SimpleFOC\foc_utils.c                    0x00000000   Number         0  foc_utils.o ABSOLUTE
    SimpleFOC\lowpass_filter.c               0x00000000   Number         0  lowpass_filter.o ABSOLUTE
    cdcmple.s                                0x00000000   Number         0  cdcmple.o ABSOLUTE
    cdrcmple.s                               0x00000000   Number         0  cdrcmple.o ABSOLUTE
    cfcmple.s                                0x00000000   Number         0  cfcmple.o ABSOLUTE
    cfrcmple.s                               0x00000000   Number         0  cfrcmple.o ABSOLUTE
    dc.s                                     0x00000000   Number         0  dc.o ABSOLUTE
    handlers.s                               0x00000000   Number         0  handlers.o ABSOLUTE
    init.s                                   0x00000000   Number         0  init.o ABSOLUTE
    lib\src\misc.c                           0x00000000   Number         0  misc.o ABSOLUTE
    lib\src\stm32f10x_adc.c                  0x00000000   Number         0  stm32f10x_adc.o ABSOLUTE
    lib\src\stm32f10x_bkp.c                  0x00000000   Number         0  stm32f10x_bkp.o ABSOLUTE
    lib\src\stm32f10x_can.c                  0x00000000   Number         0  stm32f10x_can.o ABSOLUTE
    lib\src\stm32f10x_cec.c                  0x00000000   Number         0  stm32f10x_cec.o ABSOLUTE
    lib\src\stm32f10x_crc.c                  0x00000000   Number         0  stm32f10x_crc.o ABSOLUTE
    lib\src\stm32f10x_dac.c                  0x00000000   Number         0  stm32f10x_dac.o ABSOLUTE
    lib\src\stm32f10x_dbgmcu.c               0x00000000   Number         0  stm32f10x_dbgmcu.o ABSOLUTE
    lib\src\stm32f10x_dma.c                  0x00000000   Number         0  stm32f10x_dma.o ABSOLUTE
    lib\src\stm32f10x_exti.c                 0x00000000   Number         0  stm32f10x_exti.o ABSOLUTE
    lib\src\stm32f10x_flash.c                0x00000000   Number         0  stm32f10x_flash.o ABSOLUTE
    lib\src\stm32f10x_fsmc.c                 0x00000000   Number         0  stm32f10x_fsmc.o ABSOLUTE
    lib\src\stm32f10x_gpio.c                 0x00000000   Number         0  stm32f10x_gpio.o ABSOLUTE
    lib\src\stm32f10x_i2c.c                  0x00000000   Number         0  stm32f10x_i2c.o ABSOLUTE
    lib\src\stm32f10x_iwdg.c                 0x00000000   Number         0  stm32f10x_iwdg.o ABSOLUTE
    lib\src\stm32f10x_pwr.c                  0x00000000   Number         0  stm32f10x_pwr.o ABSOLUTE
    lib\src\stm32f10x_rcc.c                  0x00000000   Number         0  stm32f10x_rcc.o ABSOLUTE
    lib\src\stm32f10x_rtc.c                  0x00000000   Number         0  stm32f10x_rtc.o ABSOLUTE
    lib\src\stm32f10x_sdio.c                 0x00000000   Number         0  stm32f10x_sdio.o ABSOLUTE
    lib\src\stm32f10x_spi.c                  0x00000000   Number         0  stm32f10x_spi.o ABSOLUTE
    lib\src\stm32f10x_tim.c                  0x00000000   Number         0  stm32f10x_tim.o ABSOLUTE
    lib\src\stm32f10x_usart.c                0x00000000   Number         0  stm32f10x_usart.o ABSOLUTE
    lib\src\stm32f10x_wwdg.c                 0x00000000   Number         0  stm32f10x_wwdg.o ABSOLUTE
    startup\\core_cm3.c                      0x00000000   Number         0  core_cm3.o ABSOLUTE
    startup\core_cm3.c                       0x00000000   Number         0  core_cm3.o ABSOLUTE
    startup\startup_stm32f10x_md.s           0x00000000   Number         0  startup_stm32f10x_md.o ABSOLUTE
    startup\system_stm32f10x.c               0x00000000   Number         0  system_stm32f10x.o ABSOLUTE
    user\main.c                              0x00000000   Number         0  main.o ABSOLUTE
    RESET                                    0x08000000   Section      236  startup_stm32f10x_md.o(RESET)
    .ARM.Collect$$$$00000000                 0x080000ec   Section        0  entry.o(.ARM.Collect$$$$00000000)
    .ARM.Collect$$$$00000001                 0x080000ec   Section        4  entry2.o(.ARM.Collect$$$$00000001)
    .ARM.Collect$$$$00000004                 0x080000f0   Section        4  entry5.o(.ARM.Collect$$$$00000004)
    .ARM.Collect$$$$00000008                 0x080000f4   Section        0  entry7b.o(.ARM.Collect$$$$00000008)
    .ARM.Collect$$$$0000000A                 0x080000f4   Section        0  entry8b.o(.ARM.Collect$$$$0000000A)
    .ARM.Collect$$$$0000000B                 0x080000f4   Section        8  entry9a.o(.ARM.Collect$$$$0000000B)
    .ARM.Collect$$$$0000000D                 0x080000fc   Section        0  entry10a.o(.ARM.Collect$$$$0000000D)
    .ARM.Collect$$$$0000000F                 0x080000fc   Section        0  entry11a.o(.ARM.Collect$$$$0000000F)
    .ARM.Collect$$$$00002712                 0x080000fc   Section        4  entry2.o(.ARM.Collect$$$$00002712)
    __lit__00000000                          0x080000fc   Data           4  entry2.o(.ARM.Collect$$$$00002712)
    .text                                    0x08000100   Section       36  startup_stm32f10x_md.o(.text)
    .text                                    0x08000124   Section        0  strcpy.o(.text)
    .text                                    0x08000136   Section        0  fadd.o(.text)
    .text                                    0x080001e6   Section        0  fmul.o(.text)
    .text                                    0x0800024a   Section        0  fdiv.o(.text)
    .text                                    0x080002c6   Section        0  dadd.o(.text)
    .text                                    0x08000414   Section        0  dmul.o(.text)
    .text                                    0x080004f8   Section        0  ddiv.o(.text)
    .text                                    0x080005d6   Section        0  fflti.o(.text)
    .text                                    0x080005e8   Section        0  ffltui.o(.text)
    .text                                    0x080005f2   Section        0  dflti.o(.text)
    .text                                    0x08000614   Section        0  dfltui.o(.text)
    .text                                    0x0800062e   Section        0  ffixui.o(.text)
    .text                                    0x08000656   Section        0  dfixi.o(.text)
    .text                                    0x08000694   Section        0  dfixui.o(.text)
    .text                                    0x080006c6   Section        0  f2d.o(.text)
    .text                                    0x080006ec   Section       48  cdcmple.o(.text)
    .text                                    0x0800071c   Section       48  cdrcmple.o(.text)
    .text                                    0x0800074c   Section        0  d2f.o(.text)
    .text                                    0x08000784   Section       20  cfcmple.o(.text)
    .text                                    0x08000798   Section       20  cfrcmple.o(.text)
    .text                                    0x080007ac   Section        0  uidiv.o(.text)
    .text                                    0x080007d8   Section        0  uldiv.o(.text)
    .text                                    0x0800083a   Section        0  llshl.o(.text)
    .text                                    0x08000858   Section        0  llushr.o(.text)
    .text                                    0x08000878   Section        0  llsshr.o(.text)
    .text                                    0x0800089c   Section        0  strtod.o(.text)
    _local_sscanf                            0x0800089d   Thumb Code    54  strtod.o(.text)
    .text                                    0x08000938   Section        0  iusefp.o(.text)
    .text                                    0x08000938   Section        0  fepilogue.o(.text)
    .text                                    0x080009a6   Section        0  depilogue.o(.text)
    .text                                    0x08000a60   Section        0  drem.o(.text)
    .text                                    0x08000ae6   Section        0  dfixul.o(.text)
    .text                                    0x08000b18   Section       36  init.o(.text)
    .text                                    0x08000b3c   Section        0  isspace_c.o(.text)
    .text                                    0x08000b48   Section        0  scanf_fp.o(.text)
    _fp_value                                0x08000b49   Thumb Code   296  scanf_fp.o(.text)
    .text                                    0x08000ea8   Section        0  _sgetc.o(.text)
    .text                                    0x08000ee8   Section        0  dscalb.o(.text)
    .text                                    0x08000f18   Section        0  ctype_c.o(.text)
    .text                                    0x08000f40   Section        0  dfltul.o(.text)
    i.ADC_Cmd                                0x08000f58   Section        0  stm32f10x_adc.o(i.ADC_Cmd)
    i.ADC_DeInit                             0x08000f70   Section        0  stm32f10x_adc.o(i.ADC_DeInit)
    i.ADC_GetConversionValue                 0x08000fcc   Section        0  stm32f10x_adc.o(i.ADC_GetConversionValue)
    i.ADC_GetFlagStatus                      0x08000fd4   Section        0  stm32f10x_adc.o(i.ADC_GetFlagStatus)
    i.ADC_Init                               0x08000fe8   Section        0  stm32f10x_adc.o(i.ADC_Init)
    i.ADC_RegularChannelConfig               0x08001038   Section        0  stm32f10x_adc.o(i.ADC_RegularChannelConfig)
    i.ADC_SoftwareStartConvCmd               0x080010f0   Section        0  stm32f10x_adc.o(i.ADC_SoftwareStartConvCmd)
    i.EXTI15_10_IRQHandler                   0x08001108   Section        0  hallsensor.o(i.EXTI15_10_IRQHandler)
    i.EXTI9_5_IRQHandler                     0x080011c4   Section        0  hallsensor.o(i.EXTI9_5_IRQHandler)
    i.EXTI_ClearITPendingBit                 0x0800121c   Section        0  stm32f10x_exti.o(i.EXTI_ClearITPendingBit)
    i.EXTI_GetITStatus                       0x08001228   Section        0  stm32f10x_exti.o(i.EXTI_GetITStatus)
    i.EXTI_Init                              0x08001250   Section        0  stm32f10x_exti.o(i.EXTI_Init)
    i.GPIO_Config                            0x080012e4   Section        0  main.o(i.GPIO_Config)
    i.GPIO_EXTILineConfig                    0x08001350   Section        0  stm32f10x_gpio.o(i.GPIO_EXTILineConfig)
    i.GPIO_Init                              0x08001390   Section        0  stm32f10x_gpio.o(i.GPIO_Init)
    i.GPIO_PinRemapConfig                    0x080014a8   Section        0  stm32f10x_gpio.o(i.GPIO_PinRemapConfig)
    i.GPIO_ReadInputDataBit                  0x08001538   Section        0  stm32f10x_gpio.o(i.GPIO_ReadInputDataBit)
    i.GPIO_ResetBits                         0x0800154a   Section        0  stm32f10x_gpio.o(i.GPIO_ResetBits)
    i.GPIO_SetBits                           0x0800154e   Section        0  stm32f10x_gpio.o(i.GPIO_SetBits)
    i.Hall_init                              0x08001554   Section        0  hallsensor.o(i.Hall_init)
    i.LPF_init                               0x080016bc   Section        0  lowpass_filter.o(i.LPF_init)
    i.LPFoperator                            0x080016f0   Section        0  lowpass_filter.o(i.LPFoperator)
    i.Motor_init                             0x08001784   Section        0  bldcmotor.o(i.Motor_init)
    i.Motor_initFOC                          0x08001810   Section        0  bldcmotor.o(i.Motor_initFOC)
    i.NVIC_Init                              0x08001870   Section        0  misc.o(i.NVIC_Init)
    i.PID_init                               0x080018e0   Section        0  pid.o(i.PID_init)
    i.PIDoperator                            0x08001978   Section        0  pid.o(i.PIDoperator)
    i.RCC_ADCCLKConfig                       0x08001af0   Section        0  stm32f10x_rcc.o(i.RCC_ADCCLKConfig)
    i.RCC_APB1PeriphClockCmd                 0x08001b08   Section        0  stm32f10x_rcc.o(i.RCC_APB1PeriphClockCmd)
    i.RCC_APB1PeriphResetCmd                 0x08001b28   Section        0  stm32f10x_rcc.o(i.RCC_APB1PeriphResetCmd)
    i.RCC_APB2PeriphClockCmd                 0x08001b48   Section        0  stm32f10x_rcc.o(i.RCC_APB2PeriphClockCmd)
    i.RCC_APB2PeriphResetCmd                 0x08001b68   Section        0  stm32f10x_rcc.o(i.RCC_APB2PeriphResetCmd)
    i.RCC_GetClocksFreq                      0x08001b88   Section        0  stm32f10x_rcc.o(i.RCC_GetClocksFreq)
    i.SetSysClock                            0x08001c5c   Section        0  system_stm32f10x.o(i.SetSysClock)
    SetSysClock                              0x08001c5d   Thumb Code     8  system_stm32f10x.o(i.SetSysClock)
    i.SetSysClockTo72                        0x08001c64   Section        0  system_stm32f10x.o(i.SetSysClockTo72)
    SetSysClockTo72                          0x08001c65   Thumb Code   214  system_stm32f10x.o(i.SetSysClockTo72)
    i.SysTick_Handler                        0x08001d44   Section        0  delay.o(i.SysTick_Handler)
    i.SystemInit                             0x08001d54   Section        0  system_stm32f10x.o(i.SystemInit)
    i.TIM2_PWM_Init                          0x08001db4   Section        0  timer.o(i.TIM2_PWM_Init)
    i.TIM3_PWM_Init                          0x08001e74   Section        0  timer.o(i.TIM3_PWM_Init)
    i.TIM_ARRPreloadConfig                   0x08001f4c   Section        0  stm32f10x_tim.o(i.TIM_ARRPreloadConfig)
    i.TIM_Cmd                                0x08001f64   Section        0  stm32f10x_tim.o(i.TIM_Cmd)
    i.TIM_DeInit                             0x08001f7c   Section        0  stm32f10x_tim.o(i.TIM_DeInit)
    i.TIM_OC1Init                            0x08002164   Section        0  stm32f10x_tim.o(i.TIM_OC1Init)
    i.TIM_OC1PreloadConfig                   0x080021fc   Section        0  stm32f10x_tim.o(i.TIM_OC1PreloadConfig)
    i.TIM_OC2Init                            0x08002210   Section        0  stm32f10x_tim.o(i.TIM_OC2Init)
    i.TIM_OC2PreloadConfig                   0x080022b4   Section        0  stm32f10x_tim.o(i.TIM_OC2PreloadConfig)
    i.TIM_OC3Init                            0x080022d0   Section        0  stm32f10x_tim.o(i.TIM_OC3Init)
    i.TIM_OC3PreloadConfig                   0x08002370   Section        0  stm32f10x_tim.o(i.TIM_OC3PreloadConfig)
    i.TIM_SetCompare1                        0x08002382   Section        0  stm32f10x_tim.o(i.TIM_SetCompare1)
    i.TIM_SetCompare2                        0x08002386   Section        0  stm32f10x_tim.o(i.TIM_SetCompare2)
    i.TIM_SetCompare3                        0x0800238a   Section        0  stm32f10x_tim.o(i.TIM_SetCompare3)
    i.TIM_TimeBaseInit                       0x08002390   Section        0  stm32f10x_tim.o(i.TIM_TimeBaseInit)
    i.USART1_IRQHandler                      0x08002434   Section        0  usart.o(i.USART1_IRQHandler)
    i.USART_Cmd                              0x080024c8   Section        0  stm32f10x_usart.o(i.USART_Cmd)
    i.USART_GetITStatus                      0x080024e0   Section        0  stm32f10x_usart.o(i.USART_GetITStatus)
    i.USART_ITConfig                         0x08002534   Section        0  stm32f10x_usart.o(i.USART_ITConfig)
    i.USART_Init                             0x08002580   Section        0  stm32f10x_usart.o(i.USART_Init)
    i.USART_ReceiveData                      0x08002658   Section        0  stm32f10x_usart.o(i.USART_ReceiveData)
    i.__0printf                              0x08002664   Section        0  printfa.o(i.__0printf)
    i.__ARM_fpclassify                       0x08002684   Section        0  fpclassify.o(i.__ARM_fpclassify)
    i.__kernel_poly                          0x080026ac   Section        0  poly.o(i.__kernel_poly)
    i.__mathlib_dbl_infnan                   0x08002756   Section        0  dunder.o(i.__mathlib_dbl_infnan)
    i.__mathlib_dbl_infnan2                  0x0800275c   Section        0  dunder.o(i.__mathlib_dbl_infnan2)
    i.__mathlib_dbl_invalid                  0x08002760   Section        0  dunder.o(i.__mathlib_dbl_invalid)
    i.__mathlib_dbl_underflow                0x0800276c   Section        0  dunder.o(i.__mathlib_dbl_underflow)
    i.__read_errno                           0x0800277c   Section        0  errno.o(i.__read_errno)
    i.__scatterload_copy                     0x08002788   Section       14  handlers.o(i.__scatterload_copy)
    i.__scatterload_null                     0x08002796   Section        2  handlers.o(i.__scatterload_null)
    i.__scatterload_zeroinit                 0x08002798   Section       14  handlers.o(i.__scatterload_zeroinit)
    i.__set_errno                            0x080027a8   Section        0  errno.o(i.__set_errno)
    i._cos                                   0x080027b4   Section        0  foc_utils.o(i._cos)
    i._electricalAngle                       0x08002820   Section        0  foc_utils.o(i._electricalAngle)
    i._fp_digits                             0x08002838   Section        0  printfa.o(i._fp_digits)
    _fp_digits                               0x08002839   Thumb Code   366  printfa.o(i._fp_digits)
    i._is_digit                              0x080029bc   Section        0  scanf_fp.o(i._is_digit)
    i._micros                                0x080029cc   Section        0  delay.o(i._micros)
    i._normalizeAngle                        0x08002a00   Section        0  foc_utils.o(i._normalizeAngle)
    i._printf_core                           0x08002a54   Section        0  printfa.o(i._printf_core)
    _printf_core                             0x08002a55   Thumb Code  1744  printfa.o(i._printf_core)
    i._printf_post_padding                   0x08003130   Section        0  printfa.o(i._printf_post_padding)
    _printf_post_padding                     0x08003131   Thumb Code    36  printfa.o(i._printf_post_padding)
    i._printf_pre_padding                    0x08003154   Section        0  printfa.o(i._printf_pre_padding)
    _printf_pre_padding                      0x08003155   Thumb Code    46  printfa.o(i._printf_pre_padding)
    i._readADCVoltageInline                  0x08003184   Section        0  adc.o(i._readADCVoltageInline)
    i._sin                                   0x080031b8   Section        0  foc_utils.o(i._sin)
    i._sqrtApprox                            0x08003450   Section        0  foc_utils.o(i._sqrtApprox)
    i.alignSensor                            0x08003470   Section        0  bldcmotor.o(i.alignSensor)
    i.analogRead                             0x08003858   Section        0  adc.o(i.analogRead)
    i.angleOpenloop                          0x0800388c   Section        0  bldcmotor.o(i.angleOpenloop)
    i.atan                                   0x08003994   Section        0  atan.o(i.atan)
    i.atan2                                  0x08003bb4   Section        0  atan2.o(i.atan2)
    i.atof                                   0x08003d34   Section        0  atof.o(i.atof)
    i.commander_run                          0x08003d60   Section        0  main.o(i.commander_run)
    i.configureADC                           0x08004094   Section        0  adc.o(i.configureADC)
    i.delay_ms                               0x080040fc   Section        0  delay.o(i.delay_ms)
    i.electricalAngle                        0x0800412c   Section        0  focmotor.o(i.electricalAngle)
    i.fmod                                   0x08004158   Section        0  fmod.o(i.fmod)
    i.fputc                                  0x080041ec   Section        0  usart.o(i.fputc)
    i.getAngle                               0x08004208   Section        0  hallsensor.o(i.getAngle)
    i.getDCCurrent                           0x08004258   Section        0  currentsense.o(i.getDCCurrent)
    i.getFOCCurrents                         0x080043b4   Section        0  currentsense.o(i.getFOCCurrents)
    i.getPhaseCurrents                       0x080044e8   Section        0  inlinecurrentsense.o(i.getPhaseCurrents)
    i.getVelocity                            0x08004558   Section        0  hallsensor.o(i.getVelocity)
    i.loopFOC                                0x0800461c   Section        0  bldcmotor.o(i.loopFOC)
    i.main                                   0x0800475c   Section        0  main.o(i.main)
    i.move                                   0x080049a0   Section        0  bldcmotor.o(i.move)
    i.setPhaseVoltage                        0x08004a98   Section        0  bldcmotor.o(i.setPhaseVoltage)
    i.shaftAngle                             0x08004edc   Section        0  focmotor.o(i.shaftAngle)
    i.shaftVelocity                          0x08004f10   Section        0  focmotor.o(i.shaftVelocity)
    i.systick_CountInit                      0x08004f40   Section        0  delay.o(i.systick_CountInit)
    i.timecount                              0x08004f58   Section        0  main.o(i.timecount)
    i.uart_init                              0x08004f88   Section        0  usart.o(i.uart_init)
    i.updateState                            0x08005028   Section        0  hallsensor.o(i.updateState)
    i.velocityOpenloop                       0x080050c8   Section        0  bldcmotor.o(i.velocityOpenloop)
    .constdata                               0x0800515c   Section      800  foc_utils.o(.constdata)
    .constdata                               0x0800547c   Section        8  hallsensor.o(.constdata)
    .constdata                               0x08005488   Section      152  atan.o(.constdata)
    atanhi                                   0x08005488   Data          32  atan.o(.constdata)
    atanlo                                   0x080054a8   Data          32  atan.o(.constdata)
    aTodd                                    0x080054c8   Data          40  atan.o(.constdata)
    aTeven                                   0x080054f0   Data          48  atan.o(.constdata)
    .constdata                               0x08005520   Section        8  qnan.o(.constdata)
    .constdata                               0x08005528   Section       64  ctype_c.o(.constdata)
    .data                                    0x20000000   Section       20  stm32f10x_rcc.o(.data)
    APBAHBPrescTable                         0x20000000   Data          16  stm32f10x_rcc.o(.data)
    ADCPrescTable                            0x20000010   Data           4  stm32f10x_rcc.o(.data)
    .data                                    0x20000014   Section        4  delay.o(.data)
    .data                                    0x20000018   Section        6  usart.o(.data)
    .data                                    0x20000020   Section        4  focmotor.o(.data)
    .data                                    0x20000024   Section       20  bldcmotor.o(.data)
    .data                                    0x20000038   Section        8  main.o(.data)
    .data                                    0x20000040   Section        4  errno.o(.data)
    _errno                                   0x20000040   Data           4  errno.o(.data)
    .bss                                     0x20000044   Section      256  usart.o(.bss)
    .bss                                     0x20000144   Section      656  main.o(.bss)
    STACK                                    0x200003d8   Section     1024  startup_stm32f10x_md.o(STACK)

    Global Symbols

    Symbol Name                              Value     Ov Type        Size  Object(Section)

    BuildAttributes$$THM_ISAv4$P$D$K$B$S$PE$A:L22UL41UL21$X:L11$S22US41US21$IEEE1$IW$USESV6$~STKCKD$USESV7$~SHL$OTIME$ROPI$IEEEX$EBA8$MICROLIB$REQ8$PRES8$EABIv2 0x00000000   Number         0  anon$$obj.o ABSOLUTE
    __ARM_use_no_argv                        0x00000000   Number         0  main.o ABSOLUTE
    __use_no_errno                           0x00000000   Number         0  useno.o ABSOLUTE
    __use_no_exception_handling              0x00000000   Number         0  useno.o ABSOLUTE
    __use_no_fp                              0x00000000   Number         0  useno.o ABSOLUTE
    __use_no_heap                            0x00000000   Number         0  useno.o ABSOLUTE
    __use_no_heap_region                     0x00000000   Number         0  useno.o ABSOLUTE
    __use_no_semihosting                     0x00000000   Number         0  useno.o ABSOLUTE
    __use_no_semihosting_swi                 0x00000000   Number         0  useno.o ABSOLUTE
    __use_no_signal_handling                 0x00000000   Number         0  useno.o ABSOLUTE
    _printf_a                                0x00000000   Number         0  stubs.o ABSOLUTE
    _printf_c                                0x00000000   Number         0  stubs.o ABSOLUTE
    _printf_charcount                        0x00000000   Number         0  stubs.o ABSOLUTE
    _printf_d                                0x00000000   Number         0  stubs.o ABSOLUTE
    _printf_e                                0x00000000   Number         0  stubs.o ABSOLUTE
    _printf_f                                0x00000000   Number         0  stubs.o ABSOLUTE
    _printf_flags                            0x00000000   Number         0  stubs.o ABSOLUTE
    _printf_fp_dec                           0x00000000   Number         0  stubs.o ABSOLUTE
    _printf_fp_hex                           0x00000000   Number         0  stubs.o ABSOLUTE
    _printf_g                                0x00000000   Number         0  stubs.o ABSOLUTE
    _printf_i                                0x00000000   Number         0  stubs.o ABSOLUTE
    _printf_int_dec                          0x00000000   Number         0  stubs.o ABSOLUTE
    _printf_l                                0x00000000   Number         0  stubs.o ABSOLUTE
    _printf_lc                               0x00000000   Number         0  stubs.o ABSOLUTE
    _printf_ll                               0x00000000   Number         0  stubs.o ABSOLUTE
    _printf_lld                              0x00000000   Number         0  stubs.o ABSOLUTE
    _printf_lli                              0x00000000   Number         0  stubs.o ABSOLUTE
    _printf_llo                              0x00000000   Number         0  stubs.o ABSOLUTE
    _printf_llu                              0x00000000   Number         0  stubs.o ABSOLUTE
    _printf_llx                              0x00000000   Number         0  stubs.o ABSOLUTE
    _printf_longlong_dec                     0x00000000   Number         0  stubs.o ABSOLUTE
    _printf_longlong_hex                     0x00000000   Number         0  stubs.o ABSOLUTE
    _printf_longlong_oct                     0x00000000   Number         0  stubs.o ABSOLUTE
    _printf_ls                               0x00000000   Number         0  stubs.o ABSOLUTE
    _printf_mbtowc                           0x00000000   Number         0  stubs.o ABSOLUTE
    _printf_n                                0x00000000   Number         0  stubs.o ABSOLUTE
    _printf_o                                0x00000000   Number         0  stubs.o ABSOLUTE
    _printf_p                                0x00000000   Number         0  stubs.o ABSOLUTE
    _printf_percent                          0x00000000   Number         0  stubs.o ABSOLUTE
    _printf_pre_padding                      0x00000000   Number         0  stubs.o ABSOLUTE
    _printf_return_value                     0x00000000   Number         0  stubs.o ABSOLUTE
    _printf_s                                0x00000000   Number         0  stubs.o ABSOLUTE
    _printf_sizespec                         0x00000000   Number         0  stubs.o ABSOLUTE
    _printf_str                              0x00000000   Number         0  stubs.o ABSOLUTE
    _printf_truncate_signed                  0x00000000   Number         0  stubs.o ABSOLUTE
    _printf_truncate_unsigned                0x00000000   Number         0  stubs.o ABSOLUTE
    _printf_u                                0x00000000   Number         0  stubs.o ABSOLUTE
    _printf_wc                               0x00000000   Number         0  stubs.o ABSOLUTE
    _printf_wctomb                           0x00000000   Number         0  stubs.o ABSOLUTE
    _printf_widthprec                        0x00000000   Number         0  stubs.o ABSOLUTE
    _printf_x                                0x00000000   Number         0  stubs.o ABSOLUTE
    __cpp_initialize__aeabi_                  - Undefined Weak Reference
    __cxa_finalize                            - Undefined Weak Reference
    __decompress                              - Undefined Weak Reference
    _clock_init                               - Undefined Weak Reference
    _microlib_exit                            - Undefined Weak Reference
    __Vectors_Size                           0x000000ec   Number         0  startup_stm32f10x_md.o ABSOLUTE
    __Vectors                                0x08000000   Data           4  startup_stm32f10x_md.o(RESET)
    __Vectors_End                            0x080000ec   Data           0  startup_stm32f10x_md.o(RESET)
    __main                                   0x080000ed   Thumb Code     0  entry.o(.ARM.Collect$$$$00000000)
    _main_stk                                0x080000ed   Thumb Code     0  entry2.o(.ARM.Collect$$$$00000001)
    _main_scatterload                        0x080000f1   Thumb Code     0  entry5.o(.ARM.Collect$$$$00000004)
    __main_after_scatterload                 0x080000f5   Thumb Code     0  entry5.o(.ARM.Collect$$$$00000004)
    _main_clock                              0x080000f5   Thumb Code     0  entry7b.o(.ARM.Collect$$$$00000008)
    _main_cpp_init                           0x080000f5   Thumb Code     0  entry8b.o(.ARM.Collect$$$$0000000A)
    _main_init                               0x080000f5   Thumb Code     0  entry9a.o(.ARM.Collect$$$$0000000B)
    __rt_final_cpp                           0x080000fd   Thumb Code     0  entry10a.o(.ARM.Collect$$$$0000000D)
    __rt_final_exit                          0x080000fd   Thumb Code     0  entry11a.o(.ARM.Collect$$$$0000000F)
    Reset_Handler                            0x08000101   Thumb Code     8  startup_stm32f10x_md.o(.text)
    NMI_Handler                              0x08000109   Thumb Code     2  startup_stm32f10x_md.o(.text)
    HardFault_Handler                        0x0800010b   Thumb Code     2  startup_stm32f10x_md.o(.text)
    MemManage_Handler                        0x0800010d   Thumb Code     2  startup_stm32f10x_md.o(.text)
    BusFault_Handler                         0x0800010f   Thumb Code     2  startup_stm32f10x_md.o(.text)
    UsageFault_Handler                       0x08000111   Thumb Code     2  startup_stm32f10x_md.o(.text)
    SVC_Handler                              0x08000113   Thumb Code     2  startup_stm32f10x_md.o(.text)
    DebugMon_Handler                         0x08000115   Thumb Code     2  startup_stm32f10x_md.o(.text)
    PendSV_Handler                           0x08000117   Thumb Code     2  startup_stm32f10x_md.o(.text)
    ADC1_2_IRQHandler                        0x0800011b   Thumb Code     0  startup_stm32f10x_md.o(.text)
    CAN1_RX1_IRQHandler                      0x0800011b   Thumb Code     0  startup_stm32f10x_md.o(.text)
    CAN1_SCE_IRQHandler                      0x0800011b   Thumb Code     0  startup_stm32f10x_md.o(.text)
    DMA1_Channel1_IRQHandler                 0x0800011b   Thumb Code     0  startup_stm32f10x_md.o(.text)
    DMA1_Channel2_IRQHandler                 0x0800011b   Thumb Code     0  startup_stm32f10x_md.o(.text)
    DMA1_Channel3_IRQHandler                 0x0800011b   Thumb Code     0  startup_stm32f10x_md.o(.text)
    DMA1_Channel4_IRQHandler                 0x0800011b   Thumb Code     0  startup_stm32f10x_md.o(.text)
    DMA1_Channel5_IRQHandler                 0x0800011b   Thumb Code     0  startup_stm32f10x_md.o(.text)
    DMA1_Channel6_IRQHandler                 0x0800011b   Thumb Code     0  startup_stm32f10x_md.o(.text)
    DMA1_Channel7_IRQHandler                 0x0800011b   Thumb Code     0  startup_stm32f10x_md.o(.text)
    EXTI0_IRQHandler                         0x0800011b   Thumb Code     0  startup_stm32f10x_md.o(.text)
    EXTI1_IRQHandler                         0x0800011b   Thumb Code     0  startup_stm32f10x_md.o(.text)
    EXTI2_IRQHandler                         0x0800011b   Thumb Code     0  startup_stm32f10x_md.o(.text)
    EXTI3_IRQHandler                         0x0800011b   Thumb Code     0  startup_stm32f10x_md.o(.text)
    EXTI4_IRQHandler                         0x0800011b   Thumb Code     0  startup_stm32f10x_md.o(.text)
    FLASH_IRQHandler                         0x0800011b   Thumb Code     0  startup_stm32f10x_md.o(.text)
    I2C1_ER_IRQHandler                       0x0800011b   Thumb Code     0  startup_stm32f10x_md.o(.text)
    I2C1_EV_IRQHandler                       0x0800011b   Thumb Code     0  startup_stm32f10x_md.o(.text)
    I2C2_ER_IRQHandler                       0x0800011b   Thumb Code     0  startup_stm32f10x_md.o(.text)
    I2C2_EV_IRQHandler                       0x0800011b   Thumb Code     0  startup_stm32f10x_md.o(.text)
    PVD_IRQHandler                           0x0800011b   Thumb Code     0  startup_stm32f10x_md.o(.text)
    RCC_IRQHandler                           0x0800011b   Thumb Code     0  startup_stm32f10x_md.o(.text)
    RTCAlarm_IRQHandler                      0x0800011b   Thumb Code     0  startup_stm32f10x_md.o(.text)
    RTC_IRQHandler                           0x0800011b   Thumb Code     0  startup_stm32f10x_md.o(.text)
    SPI1_IRQHandler                          0x0800011b   Thumb Code     0  startup_stm32f10x_md.o(.text)
    SPI2_IRQHandler                          0x0800011b   Thumb Code     0  startup_stm32f10x_md.o(.text)
    TAMPER_IRQHandler                        0x0800011b   Thumb Code     0  startup_stm32f10x_md.o(.text)
    TIM1_BRK_IRQHandler                      0x0800011b   Thumb Code     0  startup_stm32f10x_md.o(.text)
    TIM1_CC_IRQHandler                       0x0800011b   Thumb Code     0  startup_stm32f10x_md.o(.text)
    TIM1_TRG_COM_IRQHandler                  0x0800011b   Thumb Code     0  startup_stm32f10x_md.o(.text)
    TIM1_UP_IRQHandler                       0x0800011b   Thumb Code     0  startup_stm32f10x_md.o(.text)
    TIM2_IRQHandler                          0x0800011b   Thumb Code     0  startup_stm32f10x_md.o(.text)
    TIM3_IRQHandler                          0x0800011b   Thumb Code     0  startup_stm32f10x_md.o(.text)
    TIM4_IRQHandler                          0x0800011b   Thumb Code     0  startup_stm32f10x_md.o(.text)
    USART2_IRQHandler                        0x0800011b   Thumb Code     0  startup_stm32f10x_md.o(.text)
    USART3_IRQHandler                        0x0800011b   Thumb Code     0  startup_stm32f10x_md.o(.text)
    USBWakeUp_IRQHandler                     0x0800011b   Thumb Code     0  startup_stm32f10x_md.o(.text)
    USB_HP_CAN1_TX_IRQHandler                0x0800011b   Thumb Code     0  startup_stm32f10x_md.o(.text)
    USB_LP_CAN1_RX0_IRQHandler               0x0800011b   Thumb Code     0  startup_stm32f10x_md.o(.text)
    WWDG_IRQHandler                          0x0800011b   Thumb Code     0  startup_stm32f10x_md.o(.text)
    strcpy                                   0x08000125   Thumb Code    18  strcpy.o(.text)
    __aeabi_fadd                             0x08000137   Thumb Code   164  fadd.o(.text)
    __aeabi_fsub                             0x080001db   Thumb Code     6  fadd.o(.text)
    __aeabi_frsub                            0x080001e1   Thumb Code     6  fadd.o(.text)
    __aeabi_fmul                             0x080001e7   Thumb Code   100  fmul.o(.text)
    __aeabi_fdiv                             0x0800024b   Thumb Code   124  fdiv.o(.text)
    __aeabi_dadd                             0x080002c7   Thumb Code   322  dadd.o(.text)
    __aeabi_dsub                             0x08000409   Thumb Code     6  dadd.o(.text)
    __aeabi_drsub                            0x0800040f   Thumb Code     6  dadd.o(.text)
    __aeabi_dmul                             0x08000415   Thumb Code   228  dmul.o(.text)
    __aeabi_ddiv                             0x080004f9   Thumb Code   222  ddiv.o(.text)
    __aeabi_i2f                              0x080005d7   Thumb Code    18  fflti.o(.text)
    __aeabi_ui2f                             0x080005e9   Thumb Code    10  ffltui.o(.text)
    __aeabi_i2d                              0x080005f3   Thumb Code    34  dflti.o(.text)
    __aeabi_ui2d                             0x08000615   Thumb Code    26  dfltui.o(.text)
    __aeabi_f2uiz                            0x0800062f   Thumb Code    40  ffixui.o(.text)
    __aeabi_d2iz                             0x08000657   Thumb Code    62  dfixi.o(.text)
    __aeabi_d2uiz                            0x08000695   Thumb Code    50  dfixui.o(.text)
    __aeabi_f2d                              0x080006c7   Thumb Code    38  f2d.o(.text)
    __aeabi_cdcmpeq                          0x080006ed   Thumb Code     0  cdcmple.o(.text)
    __aeabi_cdcmple                          0x080006ed   Thumb Code    48  cdcmple.o(.text)
    __aeabi_cdrcmple                         0x0800071d   Thumb Code    48  cdrcmple.o(.text)
    __aeabi_d2f                              0x0800074d   Thumb Code    56  d2f.o(.text)
    __aeabi_cfcmpeq                          0x08000785   Thumb Code     0  cfcmple.o(.text)
    __aeabi_cfcmple                          0x08000785   Thumb Code    20  cfcmple.o(.text)
    __aeabi_cfrcmple                         0x08000799   Thumb Code    20  cfrcmple.o(.text)
    __aeabi_uidiv                            0x080007ad   Thumb Code     0  uidiv.o(.text)
    __aeabi_uidivmod                         0x080007ad   Thumb Code    44  uidiv.o(.text)
    __aeabi_uldivmod                         0x080007d9   Thumb Code    98  uldiv.o(.text)
    __aeabi_llsl                             0x0800083b   Thumb Code    30  llshl.o(.text)
    _ll_shift_l                              0x0800083b   Thumb Code     0  llshl.o(.text)
    __aeabi_llsr                             0x08000859   Thumb Code    32  llushr.o(.text)
    _ll_ushift_r                             0x08000859   Thumb Code     0  llushr.o(.text)
    __aeabi_lasr                             0x08000879   Thumb Code    36  llsshr.o(.text)
    _ll_sshift_r                             0x08000879   Thumb Code     0  llsshr.o(.text)
    __strtod_int                             0x080008d3   Thumb Code    90  strtod.o(.text)
    __I$use$fp                               0x08000939   Thumb Code     0  iusefp.o(.text)
    _float_round                             0x08000939   Thumb Code    18  fepilogue.o(.text)
    _float_epilogue                          0x0800094b   Thumb Code    92  fepilogue.o(.text)
    _double_round                            0x080009a7   Thumb Code    30  depilogue.o(.text)
    _double_epilogue                         0x080009c5   Thumb Code   156  depilogue.o(.text)
    _drem                                    0x08000a61   Thumb Code   134  drem.o(.text)
    __aeabi_d2ulz                            0x08000ae7   Thumb Code    48  dfixul.o(.text)
    __scatterload                            0x08000b19   Thumb Code    28  init.o(.text)
    __scatterload_rt2                        0x08000b19   Thumb Code     0  init.o(.text)
    isspace                                  0x08000b3d   Thumb Code    10  isspace_c.o(.text)
    _scanf_real                              0x08000c71   Thumb Code     0  scanf_fp.o(.text)
    _scanf_really_real                       0x08000c71   Thumb Code   556  scanf_fp.o(.text)
    _sgetc                                   0x08000ea9   Thumb Code    30  _sgetc.o(.text)
    _sbackspace                              0x08000ec7   Thumb Code    34  _sgetc.o(.text)
    __ARM_scalbn                             0x08000ee9   Thumb Code    46  dscalb.o(.text)
    scalbn                                   0x08000ee9   Thumb Code     0  dscalb.o(.text)
    __ctype_lookup                           0x08000f19   Thumb Code    34  ctype_c.o(.text)
    __aeabi_ul2d                             0x08000f41   Thumb Code    24  dfltul.o(.text)
    ADC_Cmd                                  0x08000f59   Thumb Code    22  stm32f10x_adc.o(i.ADC_Cmd)
    ADC_DeInit                               0x08000f71   Thumb Code    78  stm32f10x_adc.o(i.ADC_DeInit)
    ADC_GetConversionValue                   0x08000fcd   Thumb Code     8  stm32f10x_adc.o(i.ADC_GetConversionValue)
    ADC_GetFlagStatus                        0x08000fd5   Thumb Code    18  stm32f10x_adc.o(i.ADC_GetFlagStatus)
    ADC_Init                                 0x08000fe9   Thumb Code    70  stm32f10x_adc.o(i.ADC_Init)
    ADC_RegularChannelConfig                 0x08001039   Thumb Code   184  stm32f10x_adc.o(i.ADC_RegularChannelConfig)
    ADC_SoftwareStartConvCmd                 0x080010f1   Thumb Code    22  stm32f10x_adc.o(i.ADC_SoftwareStartConvCmd)
    EXTI15_10_IRQHandler                     0x08001109   Thumb Code   172  hallsensor.o(i.EXTI15_10_IRQHandler)
    EXTI9_5_IRQHandler                       0x080011c5   Thumb Code    80  hallsensor.o(i.EXTI9_5_IRQHandler)
    EXTI_ClearITPendingBit                   0x0800121d   Thumb Code     6  stm32f10x_exti.o(i.EXTI_ClearITPendingBit)
    EXTI_GetITStatus                         0x08001229   Thumb Code    34  stm32f10x_exti.o(i.EXTI_GetITStatus)
    EXTI_Init                                0x08001251   Thumb Code   142  stm32f10x_exti.o(i.EXTI_Init)
    GPIO_Config                              0x080012e5   Thumb Code    96  main.o(i.GPIO_Config)
    GPIO_EXTILineConfig                      0x08001351   Thumb Code    60  stm32f10x_gpio.o(i.GPIO_EXTILineConfig)
    GPIO_Init                                0x08001391   Thumb Code   278  stm32f10x_gpio.o(i.GPIO_Init)
    GPIO_PinRemapConfig                      0x080014a9   Thumb Code   138  stm32f10x_gpio.o(i.GPIO_PinRemapConfig)
    GPIO_ReadInputDataBit                    0x08001539   Thumb Code    18  stm32f10x_gpio.o(i.GPIO_ReadInputDataBit)
    GPIO_ResetBits                           0x0800154b   Thumb Code     4  stm32f10x_gpio.o(i.GPIO_ResetBits)
    GPIO_SetBits                             0x0800154f   Thumb Code     4  stm32f10x_gpio.o(i.GPIO_SetBits)
    Hall_init                                0x08001555   Thumb Code   342  hallsensor.o(i.Hall_init)
    LPF_init                                 0x080016bd   Thumb Code    48  lowpass_filter.o(i.LPF_init)
    LPFoperator                              0x080016f1   Thumb Code   136  lowpass_filter.o(i.LPFoperator)
    Motor_init                               0x08001785   Thumb Code   100  bldcmotor.o(i.Motor_init)
    Motor_initFOC                            0x08001811   Thumb Code    96  bldcmotor.o(i.Motor_initFOC)
    NVIC_Init                                0x08001871   Thumb Code   100  misc.o(i.NVIC_Init)
    PID_init                                 0x080018e1   Thumb Code   148  pid.o(i.PID_init)
    PIDoperator                              0x08001979   Thumb Code   364  pid.o(i.PIDoperator)
    RCC_ADCCLKConfig                         0x08001af1   Thumb Code    18  stm32f10x_rcc.o(i.RCC_ADCCLKConfig)
    RCC_APB1PeriphClockCmd                   0x08001b09   Thumb Code    26  stm32f10x_rcc.o(i.RCC_APB1PeriphClockCmd)
    RCC_APB1PeriphResetCmd                   0x08001b29   Thumb Code    26  stm32f10x_rcc.o(i.RCC_APB1PeriphResetCmd)
    RCC_APB2PeriphClockCmd                   0x08001b49   Thumb Code    26  stm32f10x_rcc.o(i.RCC_APB2PeriphClockCmd)
    RCC_APB2PeriphResetCmd                   0x08001b69   Thumb Code    26  stm32f10x_rcc.o(i.RCC_APB2PeriphResetCmd)
    RCC_GetClocksFreq                        0x08001b89   Thumb Code   192  stm32f10x_rcc.o(i.RCC_GetClocksFreq)
    SysTick_Handler                          0x08001d45   Thumb Code    12  delay.o(i.SysTick_Handler)
    SystemInit                               0x08001d55   Thumb Code    78  system_stm32f10x.o(i.SystemInit)
    TIM2_PWM_Init                            0x08001db5   Thumb Code   186  timer.o(i.TIM2_PWM_Init)
    TIM3_PWM_Init                            0x08001e75   Thumb Code   202  timer.o(i.TIM3_PWM_Init)
    TIM_ARRPreloadConfig                     0x08001f4d   Thumb Code    24  stm32f10x_tim.o(i.TIM_ARRPreloadConfig)
    TIM_Cmd                                  0x08001f65   Thumb Code    24  stm32f10x_tim.o(i.TIM_Cmd)
    TIM_DeInit                               0x08001f7d   Thumb Code   424  stm32f10x_tim.o(i.TIM_DeInit)
    TIM_OC1Init                              0x08002165   Thumb Code   132  stm32f10x_tim.o(i.TIM_OC1Init)
    TIM_OC1PreloadConfig                     0x080021fd   Thumb Code    18  stm32f10x_tim.o(i.TIM_OC1PreloadConfig)
    TIM_OC2Init                              0x08002211   Thumb Code   154  stm32f10x_tim.o(i.TIM_OC2Init)
    TIM_OC2PreloadConfig                     0x080022b5   Thumb Code    26  stm32f10x_tim.o(i.TIM_OC2PreloadConfig)
    TIM_OC3Init                              0x080022d1   Thumb Code   150  stm32f10x_tim.o(i.TIM_OC3Init)
    TIM_OC3PreloadConfig                     0x08002371   Thumb Code    18  stm32f10x_tim.o(i.TIM_OC3PreloadConfig)
    TIM_SetCompare1                          0x08002383   Thumb Code     4  stm32f10x_tim.o(i.TIM_SetCompare1)
    TIM_SetCompare2                          0x08002387   Thumb Code     4  stm32f10x_tim.o(i.TIM_SetCompare2)
    TIM_SetCompare3                          0x0800238b   Thumb Code     4  stm32f10x_tim.o(i.TIM_SetCompare3)
    TIM_TimeBaseInit                         0x08002391   Thumb Code   122  stm32f10x_tim.o(i.TIM_TimeBaseInit)
    USART1_IRQHandler                        0x08002435   Thumb Code   136  usart.o(i.USART1_IRQHandler)
    USART_Cmd                                0x080024c9   Thumb Code    24  stm32f10x_usart.o(i.USART_Cmd)
    USART_GetITStatus                        0x080024e1   Thumb Code    84  stm32f10x_usart.o(i.USART_GetITStatus)
    USART_ITConfig                           0x08002535   Thumb Code    74  stm32f10x_usart.o(i.USART_ITConfig)
    USART_Init                               0x08002581   Thumb Code   210  stm32f10x_usart.o(i.USART_Init)
    USART_ReceiveData                        0x08002659   Thumb Code    10  stm32f10x_usart.o(i.USART_ReceiveData)
    __0printf                                0x08002665   Thumb Code    22  printfa.o(i.__0printf)
    __1printf                                0x08002665   Thumb Code     0  printfa.o(i.__0printf)
    __2printf                                0x08002665   Thumb Code     0  printfa.o(i.__0printf)
    __c89printf                              0x08002665   Thumb Code     0  printfa.o(i.__0printf)
    printf                                   0x08002665   Thumb Code     0  printfa.o(i.__0printf)
    __ARM_fpclassify                         0x08002685   Thumb Code    40  fpclassify.o(i.__ARM_fpclassify)
    __kernel_poly                            0x080026ad   Thumb Code   170  poly.o(i.__kernel_poly)
    __mathlib_dbl_infnan                     0x08002757   Thumb Code     6  dunder.o(i.__mathlib_dbl_infnan)
    __mathlib_dbl_infnan2                    0x0800275d   Thumb Code     4  dunder.o(i.__mathlib_dbl_infnan2)
    __mathlib_dbl_invalid                    0x08002761   Thumb Code    12  dunder.o(i.__mathlib_dbl_invalid)
    __mathlib_dbl_underflow                  0x0800276d   Thumb Code    10  dunder.o(i.__mathlib_dbl_underflow)
    __read_errno                             0x0800277d   Thumb Code     6  errno.o(i.__read_errno)
    __scatterload_copy                       0x08002789   Thumb Code    14  handlers.o(i.__scatterload_copy)
    __scatterload_null                       0x08002797   Thumb Code     2  handlers.o(i.__scatterload_null)
    __scatterload_zeroinit                   0x08002799   Thumb Code    14  handlers.o(i.__scatterload_zeroinit)
    __set_errno                              0x080027a9   Thumb Code     6  errno.o(i.__set_errno)
    _cos                                     0x080027b5   Thumb Code    90  foc_utils.o(i._cos)
    _electricalAngle                         0x08002821   Thumb Code    22  foc_utils.o(i._electricalAngle)
    _is_digit                                0x080029bd   Thumb Code    14  scanf_fp.o(i._is_digit)
    _micros                                  0x080029cd   Thumb Code    44  delay.o(i._micros)
    _normalizeAngle                          0x08002a01   Thumb Code    74  foc_utils.o(i._normalizeAngle)
    _readADCVoltageInline                    0x08003185   Thumb Code    46  adc.o(i._readADCVoltageInline)
    _sin                                     0x080031b9   Thumb Code   612  foc_utils.o(i._sin)
    _sqrtApprox                              0x08003451   Thumb Code    26  foc_utils.o(i._sqrtApprox)
    alignSensor                              0x08003471   Thumb Code   658  bldcmotor.o(i.alignSensor)
    analogRead                               0x08003859   Thumb Code    46  adc.o(i.analogRead)
    angleOpenloop                            0x0800388d   Thumb Code   254  bldcmotor.o(i.angleOpenloop)
    atan                                     0x08003995   Thumb Code   474  atan.o(i.atan)
    atan2                                    0x08003bb5   Thumb Code   346  atan2.o(i.atan2)
    atof                                     0x08003d35   Thumb Code    42  atof.o(i.atof)
    commander_run                            0x08003d61   Thumb Code   586  main.o(i.commander_run)
    configureADC                             0x08004095   Thumb Code    96  adc.o(i.configureADC)
    delay_ms                                 0x080040fd   Thumb Code    48  delay.o(i.delay_ms)
    electricalAngle                          0x0800412d   Thumb Code    42  focmotor.o(i.electricalAngle)
    fmod                                     0x08004159   Thumb Code   144  fmod.o(i.fmod)
    fputc                                    0x080041ed   Thumb Code    24  usart.o(i.fputc)
    getAngle                                 0x08004209   Thumb Code    70  hallsensor.o(i.getAngle)
    getDCCurrent                             0x08004259   Thumb Code   330  currentsense.o(i.getDCCurrent)
    getFOCCurrents                           0x080043b5   Thumb Code   290  currentsense.o(i.getFOCCurrents)
    getPhaseCurrents                         0x080044e9   Thumb Code   108  inlinecurrentsense.o(i.getPhaseCurrents)
    getVelocity                              0x08004559   Thumb Code   176  hallsensor.o(i.getVelocity)
    loopFOC                                  0x0800461d   Thumb Code   278  bldcmotor.o(i.loopFOC)
    main                                     0x0800475d   Thumb Code   474  main.o(i.main)
    move                                     0x080049a1   Thumb Code   242  bldcmotor.o(i.move)
    setPhaseVoltage                          0x08004a99   Thumb Code  1092  bldcmotor.o(i.setPhaseVoltage)
    shaftAngle                               0x08004edd   Thumb Code    46  focmotor.o(i.shaftAngle)
    shaftVelocity                            0x08004f11   Thumb Code    46  focmotor.o(i.shaftVelocity)
    systick_CountInit                        0x08004f41   Thumb Code    18  delay.o(i.systick_CountInit)
    timecount                                0x08004f59   Thumb Code    42  main.o(i.timecount)
    uart_init                                0x08004f89   Thumb Code   152  usart.o(i.uart_init)
    updateState                              0x08005029   Thumb Code   154  hallsensor.o(i.updateState)
    velocityOpenloop                         0x080050c9   Thumb Code   134  bldcmotor.o(i.velocityOpenloop)
    sine_array                               0x0800515c   Data         800  foc_utils.o(.constdata)
    ELECTRIC_SECTORS                         0x0800547c   Data           8  hallsensor.o(.constdata)
    __mathlib_zero                           0x08005520   Data           8  qnan.o(.constdata)
    __ctype_categories                       0x08005528   Data          64  ctype_c.o(.constdata)
    Region$$Table$$Base                      0x08005568   Number         0  anon$$obj.o(Region$$Table)
    Region$$Table$$Limit                     0x08005588   Number         0  anon$$obj.o(Region$$Table)
    sysTickUptime                            0x20000014   Data           4  delay.o(.data)
    __stdout                                 0x20000018   Data           4  usart.o(.data)
    USART_RX_STA                             0x2000001c   Data           2  usart.o(.data)
    sensor_offset                            0x20000020   Data           4  focmotor.o(.data)
    voltage                                  0x20000024   Data           8  bldcmotor.o(.data)
    current                                  0x2000002c   Data           8  bldcmotor.o(.data)
    voltage_power_supply                     0x20000034   Data           4  bldcmotor.o(.data)
    timecntr_pre                             0x20000038   Data           4  main.o(.data)
    time_cntr                                0x2000003c   Data           4  main.o(.data)
    USART_RX_BUF                             0x20000044   Data         256  usart.o(.bss)
    M1                                       0x20000144   Data         328  main.o(.bss)
    M2                                       0x2000028c   Data         328  main.o(.bss)
    __initial_sp                             0x200007d8   Data           0  startup_stm32f10x_md.o(STACK)



==============================================================================

Memory Map of the image

  Image Entry point : 0x080000ed

  Load Region LR_IROM1 (Base: 0x08000000, Size: 0x000055cc, Max: 0x00010000, ABSOLUTE)

    Execution Region ER_IROM1 (Exec base: 0x08000000, Load base: 0x08000000, Size: 0x00005588, Max: 0x00010000, ABSOLUTE)

    Exec Addr    Load Addr    Size         Type   Attr      Idx    E Section Name        Object

    0x08000000   0x08000000   0x000000ec   Data   RO          132    RESET               startup_stm32f10x_md.o
    0x080000ec   0x080000ec   0x00000000   Code   RO         3744  * .ARM.Collect$$$$00000000  mc_w.l(entry.o)
    0x080000ec   0x080000ec   0x00000004   Code   RO         4073    .ARM.Collect$$$$00000001  mc_w.l(entry2.o)
    0x080000f0   0x080000f0   0x00000004   Code   RO         4076    .ARM.Collect$$$$00000004  mc_w.l(entry5.o)
    0x080000f4   0x080000f4   0x00000000   Code   RO         4078    .ARM.Collect$$$$00000008  mc_w.l(entry7b.o)
    0x080000f4   0x080000f4   0x00000000   Code   RO         4080    .ARM.Collect$$$$0000000A  mc_w.l(entry8b.o)
    0x080000f4   0x080000f4   0x00000008   Code   RO         4081    .ARM.Collect$$$$0000000B  mc_w.l(entry9a.o)
    0x080000fc   0x080000fc   0x00000000   Code   RO         4083    .ARM.Collect$$$$0000000D  mc_w.l(entry10a.o)
    0x080000fc   0x080000fc   0x00000000   Code   RO         4085    .ARM.Collect$$$$0000000F  mc_w.l(entry11a.o)
    0x080000fc   0x080000fc   0x00000004   Code   RO         4074    .ARM.Collect$$$$00002712  mc_w.l(entry2.o)
    0x08000100   0x08000100   0x00000024   Code   RO          133    .text               startup_stm32f10x_md.o
    0x08000124   0x08000124   0x00000012   Code   RO         3747    .text               mc_w.l(strcpy.o)
    0x08000136   0x08000136   0x000000b0   Code   RO         4010    .text               mf_w.l(fadd.o)
    0x080001e6   0x080001e6   0x00000064   Code   RO         4012    .text               mf_w.l(fmul.o)
    0x0800024a   0x0800024a   0x0000007c   Code   RO         4014    .text               mf_w.l(fdiv.o)
    0x080002c6   0x080002c6   0x0000014e   Code   RO         4016    .text               mf_w.l(dadd.o)
    0x08000414   0x08000414   0x000000e4   Code   RO         4018    .text               mf_w.l(dmul.o)
    0x080004f8   0x080004f8   0x000000de   Code   RO         4020    .text               mf_w.l(ddiv.o)
    0x080005d6   0x080005d6   0x00000012   Code   RO         4022    .text               mf_w.l(fflti.o)
    0x080005e8   0x080005e8   0x0000000a   Code   RO         4024    .text               mf_w.l(ffltui.o)
    0x080005f2   0x080005f2   0x00000022   Code   RO         4026    .text               mf_w.l(dflti.o)
    0x08000614   0x08000614   0x0000001a   Code   RO         4028    .text               mf_w.l(dfltui.o)
    0x0800062e   0x0800062e   0x00000028   Code   RO         4030    .text               mf_w.l(ffixui.o)
    0x08000656   0x08000656   0x0000003e   Code   RO         4032    .text               mf_w.l(dfixi.o)
    0x08000694   0x08000694   0x00000032   Code   RO         4034    .text               mf_w.l(dfixui.o)
    0x080006c6   0x080006c6   0x00000026   Code   RO         4036    .text               mf_w.l(f2d.o)
    0x080006ec   0x080006ec   0x00000030   Code   RO         4038    .text               mf_w.l(cdcmple.o)
    0x0800071c   0x0800071c   0x00000030   Code   RO         4040    .text               mf_w.l(cdrcmple.o)
    0x0800074c   0x0800074c   0x00000038   Code   RO         4042    .text               mf_w.l(d2f.o)
    0x08000784   0x08000784   0x00000014   Code   RO         4044    .text               mf_w.l(cfcmple.o)
    0x08000798   0x08000798   0x00000014   Code   RO         4046    .text               mf_w.l(cfrcmple.o)
    0x080007ac   0x080007ac   0x0000002c   Code   RO         4087    .text               mc_w.l(uidiv.o)
    0x080007d8   0x080007d8   0x00000062   Code   RO         4089    .text               mc_w.l(uldiv.o)
    0x0800083a   0x0800083a   0x0000001e   Code   RO         4091    .text               mc_w.l(llshl.o)
    0x08000858   0x08000858   0x00000020   Code   RO         4093    .text               mc_w.l(llushr.o)
    0x08000878   0x08000878   0x00000024   Code   RO         4095    .text               mc_w.l(llsshr.o)
    0x0800089c   0x0800089c   0x0000009c   Code   RO         4104    .text               mc_w.l(strtod.o)
    0x08000938   0x08000938   0x00000000   Code   RO         4106    .text               mc_w.l(iusefp.o)
    0x08000938   0x08000938   0x0000006e   Code   RO         4107    .text               mf_w.l(fepilogue.o)
    0x080009a6   0x080009a6   0x000000ba   Code   RO         4109    .text               mf_w.l(depilogue.o)
    0x08000a60   0x08000a60   0x00000086   Code   RO         4111    .text               mf_w.l(drem.o)
    0x08000ae6   0x08000ae6   0x00000030   Code   RO         4113    .text               mf_w.l(dfixul.o)
    0x08000b16   0x08000b16   0x00000002   PAD
    0x08000b18   0x08000b18   0x00000024   Code   RO         4119    .text               mc_w.l(init.o)
    0x08000b3c   0x08000b3c   0x0000000a   Code   RO         4121    .text               mc_w.l(isspace_c.o)
    0x08000b46   0x08000b46   0x00000002   PAD
    0x08000b48   0x08000b48   0x00000360   Code   RO         4123    .text               mc_w.l(scanf_fp.o)
    0x08000ea8   0x08000ea8   0x00000040   Code   RO         4127    .text               mc_w.l(_sgetc.o)
    0x08000ee8   0x08000ee8   0x0000002e   Code   RO         4129    .text               mf_w.l(dscalb.o)
    0x08000f16   0x08000f16   0x00000002   PAD
    0x08000f18   0x08000f18   0x00000028   Code   RO         4131    .text               mc_w.l(ctype_c.o)
    0x08000f40   0x08000f40   0x00000018   Code   RO         4134    .text               mf_w.l(dfltul.o)
    0x08000f58   0x08000f58   0x00000016   Code   RO          202    i.ADC_Cmd           stm32f10x_adc.o
    0x08000f6e   0x08000f6e   0x00000002   PAD
    0x08000f70   0x08000f70   0x0000005c   Code   RO          204    i.ADC_DeInit        stm32f10x_adc.o
    0x08000fcc   0x08000fcc   0x00000008   Code   RO          211    i.ADC_GetConversionValue  stm32f10x_adc.o
    0x08000fd4   0x08000fd4   0x00000012   Code   RO          213    i.ADC_GetFlagStatus  stm32f10x_adc.o
    0x08000fe6   0x08000fe6   0x00000002   PAD
    0x08000fe8   0x08000fe8   0x00000050   Code   RO          220    i.ADC_Init          stm32f10x_adc.o
    0x08001038   0x08001038   0x000000b8   Code   RO          224    i.ADC_RegularChannelConfig  stm32f10x_adc.o
    0x080010f0   0x080010f0   0x00000016   Code   RO          227    i.ADC_SoftwareStartConvCmd  stm32f10x_adc.o
    0x08001106   0x08001106   0x00000002   PAD
    0x08001108   0x08001108   0x000000bc   Code   RO         3622    i.EXTI15_10_IRQHandler  hallsensor.o
    0x080011c4   0x080011c4   0x00000058   Code   RO         3623    i.EXTI9_5_IRQHandler  hallsensor.o
    0x0800121c   0x0800121c   0x0000000c   Code   RO          958    i.EXTI_ClearITPendingBit  stm32f10x_exti.o
    0x08001228   0x08001228   0x00000028   Code   RO          962    i.EXTI_GetITStatus  stm32f10x_exti.o
    0x08001250   0x08001250   0x00000094   Code   RO          963    i.EXTI_Init         stm32f10x_exti.o
    0x080012e4   0x080012e4   0x0000006c   Code   RO         3673    i.GPIO_Config       main.o
    0x08001350   0x08001350   0x00000040   Code   RO         1308    i.GPIO_EXTILineConfig  stm32f10x_gpio.o
    0x08001390   0x08001390   0x00000116   Code   RO         1311    i.GPIO_Init         stm32f10x_gpio.o
    0x080014a6   0x080014a6   0x00000002   PAD
    0x080014a8   0x080014a8   0x00000090   Code   RO         1313    i.GPIO_PinRemapConfig  stm32f10x_gpio.o
    0x08001538   0x08001538   0x00000012   Code   RO         1315    i.GPIO_ReadInputDataBit  stm32f10x_gpio.o
    0x0800154a   0x0800154a   0x00000004   Code   RO         1318    i.GPIO_ResetBits    stm32f10x_gpio.o
    0x0800154e   0x0800154e   0x00000004   Code   RO         1319    i.GPIO_SetBits      stm32f10x_gpio.o
    0x08001552   0x08001552   0x00000002   PAD
    0x08001554   0x08001554   0x00000168   Code   RO         3624    i.Hall_init         hallsensor.o
    0x080016bc   0x080016bc   0x00000034   Code   RO         3550    i.LPF_init          lowpass_filter.o
    0x080016f0   0x080016f0   0x00000094   Code   RO         3551    i.LPFoperator       lowpass_filter.o
    0x08001784   0x08001784   0x0000008c   Code   RO         3472    i.Motor_init        bldcmotor.o
    0x08001810   0x08001810   0x00000060   Code   RO         3473    i.Motor_initFOC     bldcmotor.o
    0x08001870   0x08001870   0x00000070   Code   RO          137    i.NVIC_Init         misc.o
    0x080018e0   0x080018e0   0x00000098   Code   RO         3532    i.PID_init          pid.o
    0x08001978   0x08001978   0x00000178   Code   RO         3533    i.PIDoperator       pid.o
    0x08001af0   0x08001af0   0x00000018   Code   RO         1725    i.RCC_ADCCLKConfig  stm32f10x_rcc.o
    0x08001b08   0x08001b08   0x00000020   Code   RO         1727    i.RCC_APB1PeriphClockCmd  stm32f10x_rcc.o
    0x08001b28   0x08001b28   0x00000020   Code   RO         1728    i.RCC_APB1PeriphResetCmd  stm32f10x_rcc.o
    0x08001b48   0x08001b48   0x00000020   Code   RO         1729    i.RCC_APB2PeriphClockCmd  stm32f10x_rcc.o
    0x08001b68   0x08001b68   0x00000020   Code   RO         1730    i.RCC_APB2PeriphResetCmd  stm32f10x_rcc.o
    0x08001b88   0x08001b88   0x000000d4   Code   RO         1737    i.RCC_GetClocksFreq  stm32f10x_rcc.o
    0x08001c5c   0x08001c5c   0x00000008   Code   RO           17    i.SetSysClock       system_stm32f10x.o
    0x08001c64   0x08001c64   0x000000e0   Code   RO           18    i.SetSysClockTo72   system_stm32f10x.o
    0x08001d44   0x08001d44   0x00000010   Code   RO         3231    i.SysTick_Handler   delay.o
    0x08001d54   0x08001d54   0x00000060   Code   RO           20    i.SystemInit        system_stm32f10x.o
    0x08001db4   0x08001db4   0x000000c0   Code   RO         3127    i.TIM2_PWM_Init     timer.o
    0x08001e74   0x08001e74   0x000000d8   Code   RO         3128    i.TIM3_PWM_Init     timer.o
    0x08001f4c   0x08001f4c   0x00000018   Code   RO         2349    i.TIM_ARRPreloadConfig  stm32f10x_tim.o
    0x08001f64   0x08001f64   0x00000018   Code   RO         2361    i.TIM_Cmd           stm32f10x_tim.o
    0x08001f7c   0x08001f7c   0x000001e8   Code   RO         2366    i.TIM_DeInit        stm32f10x_tim.o
    0x08002164   0x08002164   0x00000098   Code   RO         2390    i.TIM_OC1Init       stm32f10x_tim.o
    0x080021fc   0x080021fc   0x00000012   Code   RO         2393    i.TIM_OC1PreloadConfig  stm32f10x_tim.o
    0x0800220e   0x0800220e   0x00000002   PAD
    0x08002210   0x08002210   0x000000a4   Code   RO         2395    i.TIM_OC2Init       stm32f10x_tim.o
    0x080022b4   0x080022b4   0x0000001a   Code   RO         2398    i.TIM_OC2PreloadConfig  stm32f10x_tim.o
    0x080022ce   0x080022ce   0x00000002   PAD
    0x080022d0   0x080022d0   0x000000a0   Code   RO         2400    i.TIM_OC3Init       stm32f10x_tim.o
    0x08002370   0x08002370   0x00000012   Code   RO         2403    i.TIM_OC3PreloadConfig  stm32f10x_tim.o
    0x08002382   0x08002382   0x00000004   Code   RO         2422    i.TIM_SetCompare1   stm32f10x_tim.o
    0x08002386   0x08002386   0x00000004   Code   RO         2423    i.TIM_SetCompare2   stm32f10x_tim.o
    0x0800238a   0x0800238a   0x00000004   Code   RO         2424    i.TIM_SetCompare3   stm32f10x_tim.o
    0x0800238e   0x0800238e   0x00000002   PAD
    0x08002390   0x08002390   0x000000a4   Code   RO         2432    i.TIM_TimeBaseInit  stm32f10x_tim.o
    0x08002434   0x08002434   0x00000094   Code   RO         3273    i.USART1_IRQHandler  usart.o
    0x080024c8   0x080024c8   0x00000018   Code   RO         2897    i.USART_Cmd         stm32f10x_usart.o
    0x080024e0   0x080024e0   0x00000054   Code   RO         2901    i.USART_GetITStatus  stm32f10x_usart.o
    0x08002534   0x08002534   0x0000004a   Code   RO         2903    i.USART_ITConfig    stm32f10x_usart.o
    0x0800257e   0x0800257e   0x00000002   PAD
    0x08002580   0x08002580   0x000000d8   Code   RO         2904    i.USART_Init        stm32f10x_usart.o
    0x08002658   0x08002658   0x0000000a   Code   RO         2911    i.USART_ReceiveData  stm32f10x_usart.o
    0x08002662   0x08002662   0x00000002   PAD
    0x08002664   0x08002664   0x00000020   Code   RO         3982    i.__0printf         mc_w.l(printfa.o)
    0x08002684   0x08002684   0x00000028   Code   RO         4115    i.__ARM_fpclassify  m_ws.l(fpclassify.o)
    0x080026ac   0x080026ac   0x000000aa   Code   RO         4117    i.__kernel_poly     m_ws.l(poly.o)
    0x08002756   0x08002756   0x00000006   Code   RO         4059    i.__mathlib_dbl_infnan  m_ws.l(dunder.o)
    0x0800275c   0x0800275c   0x00000004   Code   RO         4060    i.__mathlib_dbl_infnan2  m_ws.l(dunder.o)
    0x08002760   0x08002760   0x0000000c   Code   RO         4061    i.__mathlib_dbl_invalid  m_ws.l(dunder.o)
    0x0800276c   0x0800276c   0x00000010   Code   RO         4064    i.__mathlib_dbl_underflow  m_ws.l(dunder.o)
    0x0800277c   0x0800277c   0x0000000c   Code   RO         4098    i.__read_errno      mc_w.l(errno.o)
    0x08002788   0x08002788   0x0000000e   Code   RO         4138    i.__scatterload_copy  mc_w.l(handlers.o)
    0x08002796   0x08002796   0x00000002   Code   RO         4139    i.__scatterload_null  mc_w.l(handlers.o)
    0x08002798   0x08002798   0x0000000e   Code   RO         4140    i.__scatterload_zeroinit  mc_w.l(handlers.o)
    0x080027a6   0x080027a6   0x00000002   PAD
    0x080027a8   0x080027a8   0x0000000c   Code   RO         4099    i.__set_errno       mc_w.l(errno.o)
    0x080027b4   0x080027b4   0x0000006c   Code   RO         3397    i._cos              foc_utils.o
    0x08002820   0x08002820   0x00000016   Code   RO         3398    i._electricalAngle  foc_utils.o
    0x08002836   0x08002836   0x00000002   PAD
    0x08002838   0x08002838   0x00000184   Code   RO         3989    i._fp_digits        mc_w.l(printfa.o)
    0x080029bc   0x080029bc   0x0000000e   Code   RO         4125    i._is_digit         mc_w.l(scanf_fp.o)
    0x080029ca   0x080029ca   0x00000002   PAD
    0x080029cc   0x080029cc   0x00000034   Code   RO         3232    i._micros           delay.o
    0x08002a00   0x08002a00   0x00000054   Code   RO         3399    i._normalizeAngle   foc_utils.o
    0x08002a54   0x08002a54   0x000006dc   Code   RO         3990    i._printf_core      mc_w.l(printfa.o)
    0x08003130   0x08003130   0x00000024   Code   RO         3991    i._printf_post_padding  mc_w.l(printfa.o)
    0x08003154   0x08003154   0x0000002e   Code   RO         3992    i._printf_pre_padding  mc_w.l(printfa.o)
    0x08003182   0x08003182   0x00000002   PAD
    0x08003184   0x08003184   0x00000034   Code   RO         3314    i._readADCVoltageInline  adc.o
    0x080031b8   0x080031b8   0x00000298   Code   RO         3400    i._sin              foc_utils.o
    0x08003450   0x08003450   0x00000020   Code   RO         3401    i._sqrtApprox       foc_utils.o
    0x08003470   0x08003470   0x000003e8   Code   RO         3474    i.alignSensor       bldcmotor.o
    0x08003858   0x08003858   0x00000034   Code   RO         3315    i.analogRead        adc.o
    0x0800388c   0x0800388c   0x00000108   Code   RO         3475    i.angleOpenloop     bldcmotor.o
    0x08003994   0x08003994   0x00000220   Code   RO         4049    i.atan              m_ws.l(atan.o)
    0x08003bb4   0x08003bb4   0x00000180   Code   RO         3725    i.atan2             m_ws.l(atan2.o)
    0x08003d34   0x08003d34   0x0000002a   Code   RO         3733    i.atof              m_ws.l(atof.o)
    0x08003d5e   0x08003d5e   0x00000002   PAD
    0x08003d60   0x08003d60   0x00000334   Code   RO         3674    i.commander_run     main.o
    0x08004094   0x08004094   0x00000068   Code   RO         3316    i.configureADC      adc.o
    0x080040fc   0x080040fc   0x00000030   Code   RO         3233    i.delay_ms          delay.o
    0x0800412c   0x0800412c   0x0000002a   Code   RO         3439    i.electricalAngle   focmotor.o
    0x08004156   0x08004156   0x00000002   PAD
    0x08004158   0x08004158   0x00000094   Code   RO         3737    i.fmod              m_ws.l(fmod.o)
    0x080041ec   0x080041ec   0x0000001c   Code   RO         3275    i.fputc             usart.o
    0x08004208   0x08004208   0x00000050   Code   RO         3625    i.getAngle          hallsensor.o
    0x08004258   0x08004258   0x0000015c   Code   RO         3568    i.getDCCurrent      currentsense.o
    0x080043b4   0x080043b4   0x00000134   Code   RO         3569    i.getFOCCurrents    currentsense.o
    0x080044e8   0x080044e8   0x00000070   Code   RO         3590    i.getPhaseCurrents  inlinecurrentsense.o
    0x08004558   0x08004558   0x000000c4   Code   RO         3627    i.getVelocity       hallsensor.o
    0x0800461c   0x0800461c   0x00000140   Code   RO         3476    i.loopFOC           bldcmotor.o
    0x0800475c   0x0800475c   0x00000244   Code   RO         3675    i.main              main.o
    0x080049a0   0x080049a0   0x000000f8   Code   RO         3477    i.move              bldcmotor.o
    0x08004a98   0x08004a98   0x00000444   Code   RO         3478    i.setPhaseVoltage   bldcmotor.o
    0x08004edc   0x08004edc   0x00000034   Code   RO         3440    i.shaftAngle        focmotor.o
    0x08004f10   0x08004f10   0x0000002e   Code   RO         3442    i.shaftVelocity     focmotor.o
    0x08004f3e   0x08004f3e   0x00000002   PAD
    0x08004f40   0x08004f40   0x00000018   Code   RO         3235    i.systick_CountInit  delay.o
    0x08004f58   0x08004f58   0x00000030   Code   RO         3676    i.timecount         main.o
    0x08004f88   0x08004f88   0x000000a0   Code   RO         3276    i.uart_init         usart.o
    0x08005028   0x08005028   0x000000a0   Code   RO         3628    i.updateState       hallsensor.o
    0x080050c8   0x080050c8   0x00000094   Code   RO         3479    i.velocityOpenloop  bldcmotor.o
    0x0800515c   0x0800515c   0x00000320   Data   RO         3402    .constdata          foc_utils.o
    0x0800547c   0x0800547c   0x00000008   Data   RO         3629    .constdata          hallsensor.o
    0x08005484   0x08005484   0x00000004   PAD
    0x08005488   0x08005488   0x00000098   Data   RO         4050    .constdata          m_ws.l(atan.o)
    0x08005520   0x08005520   0x00000008   Data   RO         4072    .constdata          m_ws.l(qnan.o)
    0x08005528   0x08005528   0x00000040   Data   RO         4132    .constdata          mc_w.l(ctype_c.o)
    0x08005568   0x08005568   0x00000020   Data   RO         4136    Region$$Table       anon$$obj.o


    Execution Region RW_IRAM1 (Exec base: 0x20000000, Load base: 0x08005588, Size: 0x000007d8, Max: 0x00005000, ABSOLUTE)

    Exec Addr    Load Addr    Size         Type   Attr      Idx    E Section Name        Object

    0x20000000   0x08005588   0x00000014   Data   RW         1757    .data               stm32f10x_rcc.o
    0x20000014   0x0800559c   0x00000004   Data   RW         3236    .data               delay.o
    0x20000018   0x080055a0   0x00000006   Data   RW         3278    .data               usart.o
    0x2000001e   0x080055a6   0x00000002   PAD
    0x20000020   0x080055a8   0x00000004   Data   RW         3443    .data               focmotor.o
    0x20000024   0x080055ac   0x00000014   Data   RW         3480    .data               bldcmotor.o
    0x20000038   0x080055c0   0x00000008   Data   RW         3678    .data               main.o
    0x20000040   0x080055c8   0x00000004   Data   RW         4100    .data               mc_w.l(errno.o)
    0x20000044        -       0x00000100   Zero   RW         3277    .bss                usart.o
    0x20000144        -       0x00000290   Zero   RW         3677    .bss                main.o
    0x200003d4   0x080055cc   0x00000004   PAD
    0x200003d8        -       0x00000400   Zero   RW          130    STACK               startup_stm32f10x_md.o


==============================================================================

Image component sizes


      Code (inc. data)   RO Data    RW Data    ZI Data      Debug   Object Name

       208         20          0          0          0       3811   adc.o
      3308        508          0         20          0       7064   bldcmotor.o
         0          0          0          0          0       4532   core_cm3.o
       656         36          0          0          0       2176   currentsense.o
       140         18          0          4          0       2627   delay.o
       910         86        800          0          0       3478   foc_utils.o
       140          6          0          4          0       2131   focmotor.o
      1072         78          8          0          0       4274   hallsensor.o
       112          4          0          0          0        979   inlinecurrentsense.o
       200         16          0          0          0       1657   lowpass_filter.o
      1556        358          0          8        656       4697   main.o
       112         12          0          0          0     216068   misc.o
       528         16          0          0          0       1737   pid.o
        36          8        236          0       1024        884   startup_stm32f10x_md.o
       426         24          0          0          0       6921   stm32f10x_adc.o
       200         18          0          0          0       2368   stm32f10x_exti.o
       512         10          0          0          0       5564   stm32f10x_gpio.o
       364         50          0         20          0       6663   stm32f10x_rcc.o
      1250        146          0          0          0       9566   stm32f10x_tim.o
       408          6          0          0          0       5382   stm32f10x_usart.o
       328         28          0          0          0      46081   system_stm32f10x.o
       408         20          0          0          0     244552   timer.o
       336         24          0          6        256       4136   usart.o

    ----------------------------------------------------------------------
     13236       1492       1080         64       1940     587348   Object Totals
         0          0         32          0          0          0   (incl. Generated)
        26          0          4          2          4          0   (incl. Padding)

    ----------------------------------------------------------------------

      Code (inc. data)   RO Data    RW Data    ZI Data      Debug   Library Member Name

       544         70        152          0          0        124   atan.o
       384         38          0          0          0        144   atan2.o
        42          0          0          0          0         84   atof.o
        38          6          0          0          0        272   dunder.o
       148          4          0          0          0         88   fmod.o
        40          0          0          0          0         68   fpclassify.o
       170          0          0          0          0         96   poly.o
         0          0          8          0          0          0   qnan.o
        64          0          0          0          0         84   _sgetc.o
        40          6         64          0          0         68   ctype_c.o
         0          0          0          0          0          0   entry.o
         0          0          0          0          0          0   entry10a.o
         0          0          0          0          0          0   entry11a.o
         8          4          0          0          0          0   entry2.o
         4          0          0          0          0          0   entry5.o
         0          0          0          0          0          0   entry7b.o
         0          0          0          0          0          0   entry8b.o
         8          4          0          0          0          0   entry9a.o
        24         12          0          4          0        136   errno.o
        30          0          0          0          0          0   handlers.o
        36          8          0          0          0         68   init.o
        10          0          0          0          0         68   isspace_c.o
         0          0          0          0          0          0   iusefp.o
        30          0          0          0          0         68   llshl.o
        36          0          0          0          0         68   llsshr.o
        32          0          0          0          0         68   llushr.o
      2258         90          0          0          0        452   printfa.o
       878         12          0          0          0        216   scanf_fp.o
        18          0          0          0          0         68   strcpy.o
       156         12          0          0          0        120   strtod.o
        44          0          0          0          0         80   uidiv.o
        98          0          0          0          0         92   uldiv.o
        48          0          0          0          0         68   cdcmple.o
        48          0          0          0          0         68   cdrcmple.o
        20          0          0          0          0         68   cfcmple.o
        20          0          0          0          0         68   cfrcmple.o
        56          0          0          0          0         88   d2f.o
       334          0          0          0          0        148   dadd.o
       222          0          0          0          0        100   ddiv.o
       186          0          0          0          0        176   depilogue.o
        62          0          0          0          0         80   dfixi.o
        50          0          0          0          0         76   dfixui.o
        48          0          0          0          0         68   dfixul.o
        34          0          0          0          0         76   dflti.o
        26          0          0          0          0         76   dfltui.o
        24          0          0          0          0         76   dfltul.o
       228          0          0          0          0         96   dmul.o
       134          0          0          0          0         96   drem.o
        46          0          0          0          0         80   dscalb.o
        38          0          0          0          0         68   f2d.o
       176          0          0          0          0        140   fadd.o
       124          0          0          0          0         88   fdiv.o
       110          0          0          0          0        168   fepilogue.o
        40          0          0          0          0         68   ffixui.o
        18          0          0          0          0         68   fflti.o
        10          0          0          0          0         68   ffltui.o
       100          0          0          0          0         76   fmul.o

    ----------------------------------------------------------------------
      7356        266        224          4          0       4784   Library Totals
        14          0          0          0          0          0   (incl. Padding)

    ----------------------------------------------------------------------

      Code (inc. data)   RO Data    RW Data    ZI Data      Debug   Library Name

      1366        118        160          0          0        876   m_ws.l
      3774        148         64          4          0       1656   mc_w.l
      2202          0          0          0          0       2252   mf_w.l

    ----------------------------------------------------------------------
      7356        266        224          4          0       4784   Library Totals

    ----------------------------------------------------------------------

==============================================================================


      Code (inc. data)   RO Data    RW Data    ZI Data      Debug   

     20592       1758       1304         68       1940     585108   Grand Totals
     20592       1758       1304         68       1940     585108   ELF Image Totals
     20592       1758       1304         68          0          0   ROM Totals

==============================================================================

    Total RO  Size (Code + RO Data)                21896 (  21.38kB)
    Total RW  Size (RW Data + ZI Data)              2008 (   1.96kB)
    Total ROM Size (Code + RO Data + RW Data)      21964 (  21.45kB)

==============================================================================

